Archive member included to satisfy reference by file (symbol)

c:/vsarm/armcc/112202~1.02/bin/../lib/gcc/arm-none-eabi/11.2.1/thumb/v6-m/nofp\libgcc.a(_dvmd_tls.o)
                              CMakeFiles/pill_dispenser.dir/C_/VSARM/sdk/pico/pico-sdk/src/rp2_common/pico_divider/divider.S.obj (__aeabi_idiv0)
c:/vsarm/armcc/112202~1.02/bin/../lib/gcc/arm-none-eabi/11.2.1/thumb/v6-m/nofp\libg.a(lib_a-atoi.o)
                              CMakeFiles/pill_dispenser.dir/Lora/Lora.c.obj (atoi)
c:/vsarm/armcc/112202~1.02/bin/../lib/gcc/arm-none-eabi/11.2.1/thumb/v6-m/nofp\libg.a(lib_a-calloc.o)
                              CMakeFiles/pill_dispenser.dir/C_/VSARM/sdk/pico/pico-sdk/src/rp2_common/pico_malloc/pico_malloc.c.obj (calloc)
c:/vsarm/armcc/112202~1.02/bin/../lib/gcc/arm-none-eabi/11.2.1/thumb/v6-m/nofp\libg.a(lib_a-callocr.o)
                              c:/vsarm/armcc/112202~1.02/bin/../lib/gcc/arm-none-eabi/11.2.1/thumb/v6-m/nofp\libg.a(lib_a-calloc.o) (_calloc_r)
c:/vsarm/armcc/112202~1.02/bin/../lib/gcc/arm-none-eabi/11.2.1/thumb/v6-m/nofp\libg.a(lib_a-errno.o)
                              c:/vsarm/armcc/112202~1.02/bin/../lib/gcc/arm-none-eabi/11.2.1/thumb/v6-m/nofp\libg.a(lib_a-callocr.o) (__errno)
c:/vsarm/armcc/112202~1.02/bin/../lib/gcc/arm-none-eabi/11.2.1/thumb/v6-m/nofp\libg.a(lib_a-fprintf.o)
                              CMakeFiles/pill_dispenser.dir/opto-fork/opto.c.obj (fprintf)
c:/vsarm/armcc/112202~1.02/bin/../lib/gcc/arm-none-eabi/11.2.1/thumb/v6-m/nofp\libg.a(lib_a-impure.o)
                              CMakeFiles/pill_dispenser.dir/opto-fork/opto.c.obj (_impure_ptr)
c:/vsarm/armcc/112202~1.02/bin/../lib/gcc/arm-none-eabi/11.2.1/thumb/v6-m/nofp\libg.a(lib_a-init.o)
                              c:/vsarm/armcc/112202~1.02/bin/../lib/gcc/arm-none-eabi/11.2.1/thumb/v6-m/nofp/crt0.o (__libc_init_array)
c:/vsarm/armcc/112202~1.02/bin/../lib/gcc/arm-none-eabi/11.2.1/thumb/v6-m/nofp\libg.a(lib_a-malloc.o)
                              CMakeFiles/pill_dispenser.dir/C_/VSARM/sdk/pico/pico-sdk/src/rp2_common/pico_malloc/pico_malloc.c.obj (malloc)
c:/vsarm/armcc/112202~1.02/bin/../lib/gcc/arm-none-eabi/11.2.1/thumb/v6-m/nofp\libg.a(lib_a-mallocr.o)
                              c:/vsarm/armcc/112202~1.02/bin/../lib/gcc/arm-none-eabi/11.2.1/thumb/v6-m/nofp\libg.a(lib_a-callocr.o) (_malloc_r)
c:/vsarm/armcc/112202~1.02/bin/../lib/gcc/arm-none-eabi/11.2.1/thumb/v6-m/nofp\libg.a(lib_a-mlock.o)
                              c:/vsarm/armcc/112202~1.02/bin/../lib/gcc/arm-none-eabi/11.2.1/thumb/v6-m/nofp\libg.a(lib_a-mallocr.o) (__malloc_lock)
c:/vsarm/armcc/112202~1.02/bin/../lib/gcc/arm-none-eabi/11.2.1/thumb/v6-m/nofp\libg.a(lib_a-realloc.o)
                              CMakeFiles/pill_dispenser.dir/C_/VSARM/sdk/pico/pico-sdk/src/rp2_common/pico_malloc/pico_malloc.c.obj (realloc)
c:/vsarm/armcc/112202~1.02/bin/../lib/gcc/arm-none-eabi/11.2.1/thumb/v6-m/nofp\libg.a(lib_a-reallocr.o)
                              c:/vsarm/armcc/112202~1.02/bin/../lib/gcc/arm-none-eabi/11.2.1/thumb/v6-m/nofp\libg.a(lib_a-realloc.o) (_realloc_r)
c:/vsarm/armcc/112202~1.02/bin/../lib/gcc/arm-none-eabi/11.2.1/thumb/v6-m/nofp\libg.a(lib_a-sbrkr.o)
                              c:/vsarm/armcc/112202~1.02/bin/../lib/gcc/arm-none-eabi/11.2.1/thumb/v6-m/nofp\libg.a(lib_a-mallocr.o) (_sbrk_r)
c:/vsarm/armcc/112202~1.02/bin/../lib/gcc/arm-none-eabi/11.2.1/thumb/v6-m/nofp\libg.a(lib_a-strcmp.o)
                              CMakeFiles/pill_dispenser.dir/Lora/Lora.c.obj (strcmp)
c:/vsarm/armcc/112202~1.02/bin/../lib/gcc/arm-none-eabi/11.2.1/thumb/v6-m/nofp\libg.a(lib_a-strcpy.o)
                              CMakeFiles/pill_dispenser.dir/Lora/Lora.c.obj (strcpy)
c:/vsarm/armcc/112202~1.02/bin/../lib/gcc/arm-none-eabi/11.2.1/thumb/v6-m/nofp\libg.a(lib_a-strlen-stub.o)
                              CMakeFiles/pill_dispenser.dir/Lora/Lora.c.obj (strlen)
c:/vsarm/armcc/112202~1.02/bin/../lib/gcc/arm-none-eabi/11.2.1/thumb/v6-m/nofp\libg.a(lib_a-strncat.o)
                              CMakeFiles/pill_dispenser.dir/operation/operation.c.obj (strncat)
c:/vsarm/armcc/112202~1.02/bin/../lib/gcc/arm-none-eabi/11.2.1/thumb/v6-m/nofp\libg.a(lib_a-strtol.o)
                              c:/vsarm/armcc/112202~1.02/bin/../lib/gcc/arm-none-eabi/11.2.1/thumb/v6-m/nofp\libg.a(lib_a-atoi.o) (_strtol_r)
c:/vsarm/armcc/112202~1.02/bin/../lib/gcc/arm-none-eabi/11.2.1/thumb/v6-m/nofp\libg.a(lib_a-vfprintf.o)
                              c:/vsarm/armcc/112202~1.02/bin/../lib/gcc/arm-none-eabi/11.2.1/thumb/v6-m/nofp\libg.a(lib_a-fprintf.o) (_vfprintf_r)
c:/vsarm/armcc/112202~1.02/bin/../lib/gcc/arm-none-eabi/11.2.1/thumb/v6-m/nofp\libg.a(lib_a-wcrtomb.o)
                              c:/vsarm/armcc/112202~1.02/bin/../lib/gcc/arm-none-eabi/11.2.1/thumb/v6-m/nofp\libg.a(lib_a-vfprintf.o) (_wcrtomb_r)
c:/vsarm/armcc/112202~1.02/bin/../lib/gcc/arm-none-eabi/11.2.1/thumb/v6-m/nofp\libg.a(lib_a-wcsrtombs.o)
[...]
Memory Configuration

Name             Origin             Length             Attributes
FLASH            0x10000000         0x00200000         xr
RAM              0x20000000         0x00040000         xrw
SCRATCH_X        0x20040000         0x00001000         xrw
SCRATCH_Y        0x20041000         0x00001000         xrw
*default*        0x00000000         0xffffffff

Linker script and memory map

LOAD c:/vsarm/armcc/112202~1.02/bin/../lib/gcc/arm-none-eabi/11.2.1/thumb/v6-m/nofp/crti.o
LOAD c:/vsarm/armcc/112202~1.02/bin/../lib/gcc/arm-none-eabi/11.2.1/thumb/v6-m/nofp/crtbegin.o
LOAD c:/vsarm/armcc/112202~1.02/bin/../lib/gcc/arm-none-eabi/11.2.1/thumb/v6-m/nofp/crt0.o

.flash_begin    0x10000000        0x0
                0x10000000                __flash_binary_start = .

.boot2          0x10000000      0x100
                0x10000000                __boot2_start__ = .
 *(.boot2)
 .boot2         0x10000000      0x100 C:\Users\phuon\AppData\Local\Temp\ccgkTzzf.o
                0x10000100                __boot2_end__ = .
                0x00000001                ASSERT (((__boot2_end__ - __boot2_start__) == 0x100), ERROR: Pico second stage bootloader must be 256 bytes in size)

.text           0x10000100     0xaa98
                0x10000100                __logical_binary_start = .
 *(.vectors)
 .vectors       0x10000100       0xd4 CMakeFiles/pill_dispenser.dir/C_/VSARM/sdk/pico/pico-sdk/src/rp2_common/pico_standard_link/crt0.S.obj
                0x10000100                __VECTOR_TABLE
                0x10000100                __vectors
                0x100001c0                isr_invalid
                0x100001c0                __default_isrs_start
                0x100001c2                isr_nmi
                0x100001c4                isr_hardfault
                0x100001c6                isr_svcall
                0x100001c8                isr_pendsv
                0x100001ca                isr_systick
                0x100001cc                isr_irq23
                0x100001cc                isr_irq18
                0x100001cc                isr_irq11
                0x100001cc                isr_irq28
                0x100001cc                isr_irq19
                0x100001cc                isr_irq0
                0x100001cc                isr_irq6
                0x100001cc                isr_irq5
                0x100001cc                isr_irq12
                0x100001cc                isr_irq22
                0x100001cc                isr_irq31
                0x100001cc                isr_irq17
                0x100001cc                isr_irq27
                0x100001cc                isr_irq30
                0x100001cc                isr_irq2
                0x100001cc                isr_irq10
                0x100001cc                isr_irq8
                0x100001cc                isr_irq24
                0x100001cc                isr_irq1
                0x100001cc                isr_irq7
                0x100001cc                isr_irq21
                0x100001cc                isr_irq20
                0x100001cc                isr_irq15
                0x100001cc                isr_irq25
                0x100001cc                isr_irq13
                0x100001cc                __unhandled_user_irq
                0x100001cc                isr_irq4
                0x100001cc                isr_irq16
                0x100001cc                isr_irq29
                0x100001cc                isr_irq26
                0x100001cc                __default_isrs_end
                0x100001cc                isr_irq3
                0x100001cc                isr_irq14
                0x100001cc                isr_irq9
                0x100001d2                unhandled_user_irq_num_in_r0
 *(.binary_info_header)
 .binary_info_header
                0x100001d4       0x14 CMakeFiles/pill_dispenser.dir/C_/VSARM/sdk/pico/pico-sdk/src/rp2_common/pico_standard_link/crt0.S.obj
                0x100001e8                __binary_info_header_end = .
 *(.reset)
 .reset         0x100001e8       0xa0 CMakeFiles/pill_dispenser.dir/C_/VSARM/sdk/pico/pico-sdk/src/rp2_common/pico_standard_link/crt0.S.obj
                0x100001e8                _entry_point
 .reset         0x10000288       0x30 CMakeFiles/pill_dispenser.dir/C_/VSARM/sdk/pico/pico-sdk/src/rp2_common/pico_standard_link/binary_info.c.obj
 *(.init)
 .init          0x100002b8        0x4 c:/vsarm/armcc/112202~1.02/bin/../lib/gcc/arm-none-eabi/11.2.1/thumb/v6-m/nofp/crti.o
                0x100002b8                _init
 *(EXCLUDE_FILE(*libm.a: *libc.a:*lib_a-mem*.o *libgcc.a:) .text*)
 .text.register_tm_clones
                0x100002bc       0x28 c:/vsarm/armcc/112202~1.02/bin/../lib/gcc/arm-none-eabi/11.2.1/thumb/v6-m/nofp/crtbegin.o
 .text.frame_dummy
                0x100002e4       0x24 c:/vsarm/armcc/112202~1.02/bin/../lib/gcc/arm-none-eabi/11.2.1/thumb/v6-m/nofp/crtbegin.o
 .text.main     0x10000308       0x66 CMakeFiles/pill_dispenser.dir/main.c.obj
                0x10000308                main
 *fill*         0x1000036e        0x2 
 .text.init_pwm
                0x10000370       0xec CMakeFiles/pill_dispenser.dir/LED/LED.c.obj
                0x10000370                init_pwm
 .text.set_led_brightness
                0x1000045c       0x48 CMakeFiles/pill_dispenser.dir/LED/LED.c.obj
                0x1000045c                set_led_brightness
 .text.toggle_pwm
                0x100004a4       0x54 CMakeFiles/pill_dispenser.dir/LED/LED.c.obj
                0x100004a4                toggle_pwm
 .text.led_blink_times
                0x100004f8       0x1e CMakeFiles/pill_dispenser.dir/LED/LED.c.obj
                0x100004f8                led_blink_times
 *fill*         0x10000516        0x2 
 .text.opto_event
                0x10000518       0x58 CMakeFiles/pill_dispenser.dir/opto-fork/opto.c.obj
 .text.opto_flag_state
                0x10000570       0x3c CMakeFiles/pill_dispenser.dir/opto-fork/opto.c.obj
                0x10000570                opto_flag_state
 .text.set_opto_flag
                0x100005ac       0x34 CMakeFiles/pill_dispenser.dir/opto-fork/opto.c.obj
                0x100005ac                set_opto_flag
 .text.init_opto_fork
                0x100005e0       0x14 CMakeFiles/pill_dispenser.dir/opto-fork/opto.c.obj
                0x100005e0                init_opto_fork
 .text.set_opto_fork_irq
                0x100005f4       0x14 CMakeFiles/pill_dispenser.dir/opto-fork/opto.c.obj
                0x100005f4                set_opto_fork_irq
 .text.init_stepper
                0x10000608       0x28 CMakeFiles/pill_dispenser.dir/stepper/stepper.c.obj
                0x10000608                init_stepper
 .text.step     0x10000630       0x80 CMakeFiles/pill_dispenser.dir/stepper/stepper.c.obj
                0x10000630                step
 .text.rotate_steps
                0x100006b0       0x34 CMakeFiles/pill_dispenser.dir/stepper/stepper.c.obj
                0x100006b0                rotate_steps
 .text.rotate_8th
                0x100006e4        0xa CMakeFiles/pill_dispenser.dir/stepper/stepper.c.obj
                0x100006e4                rotate_8th
 .text.init_switch
                0x100006ee       0x38 CMakeFiles/pill_dispenser.dir/switch/switch.c.obj
                0x100006ee                init_switch
 .text.switch_pressed_debounced
                0x10000726       0x34 CMakeFiles/pill_dispenser.dir/switch/switch.c.obj
                0x10000726                switch_pressed_debounced
 *fill*         0x1000075a        0x2 
 .text.pill_detection
                0x1000075c        0xc CMakeFiles/pill_dispenser.dir/piezo/piezo.c.obj
 .text.init_piezo
                0x10000768       0x1e CMakeFiles/pill_dispenser.dir/piezo/piezo.c.obj
                0x10000768                init_piezo
 *fill*         0x10000786        0x2 
 .text.set_piezo_irq
                0x10000788       0x14 CMakeFiles/pill_dispenser.dir/piezo/piezo.c.obj
                0x10000788                set_piezo_irq
 .text.piezo_detection_within_us
                0x1000079c       0x38 CMakeFiles/pill_dispenser.dir/piezo/piezo.c.obj
                0x1000079c                piezo_detection_within_us
 .text.set_piezo_flag
                0x100007d4        0xc CMakeFiles/pill_dispenser.dir/piezo/piezo.c.obj
                0x100007d4                set_piezo_flag
 .text.get_time_with_decimal
                0x100007e0       0x68 CMakeFiles/pill_dispenser.dir/operation/operation.c.obj
                0x100007e0                get_time_with_decimal
 .text.logf_msg
                0x10000848       0xcc CMakeFiles/pill_dispenser.dir/operation/operation.c.obj
                0x10000848                logf_msg
 .text.init_operation
                0x10000914       0xa8 CMakeFiles/pill_dispenser.dir/operation/operation.c.obj
                0x10000914                init_operation
 .text.blink_until_sw_pressed
                0x100009bc       0x5e CMakeFiles/pill_dispenser.dir/operation/operation.c.obj
                0x100009bc                blink_until_sw_pressed
 *fill*         0x10000a1a        0x2 
 .text.rotate_to_event
                0x10000a1c       0x40 CMakeFiles/pill_dispenser.dir/operation/operation.c.obj
                0x10000a1c                rotate_to_event
 .text.calibrate
                0x10000a5c       0x90 CMakeFiles/pill_dispenser.dir/operation/operation.c.obj
                0x10000a5c                calibrate
 .text.wait_until_sw_pressed
                0x10000aec       0x42 CMakeFiles/pill_dispenser.dir/operation/operation.c.obj
                0x10000aec                wait_until_sw_pressed
 *fill*         0x10000b2e        0x2 
 .text.dispense
                0x10000b30      0x104 CMakeFiles/pill_dispenser.dir/operation/operation.c.obj
                0x10000b30                dispense
 .text.init_Lora
                0x10000c34       0x30 CMakeFiles/pill_dispenser.dir/Lora/Lora.c.obj
                0x10000c34                init_Lora
 .text.on_uart_rx
                0x10000c64       0x68 CMakeFiles/pill_dispenser.dir/Lora/Lora.c.obj
                0x10000c64                on_uart_rx
 .text.start_lora
                0x10000ccc       0x64 CMakeFiles/pill_dispenser.dir/Lora/Lora.c.obj
                0x10000ccc                start_lora
 .text.send_command
                0x10000d30       0x34 CMakeFiles/pill_dispenser.dir/Lora/Lora.c.obj
                0x10000d30                send_command
 .text.get_cmd_rps
                0x10000d64       0x74 CMakeFiles/pill_dispenser.dir/Lora/Lora.c.obj
                0x10000d64                get_cmd_rps
 .text.connect_network
                0x10000dd8       0x58 CMakeFiles/pill_dispenser.dir/Lora/Lora.c.obj
                0x10000dd8                connect_network
 .text.send_msg_to_Lora
                0x10000e30       0x4c CMakeFiles/pill_dispenser.dir/Lora/Lora.c.obj
                0x10000e30                send_msg_to_Lora
 .text.init_eeprom
                0x10000e7c       0x24 CMakeFiles/pill_dispenser.dir/eeprom/eeprom.c.obj
                0x10000e7c                init_eeprom
 .text.write_to_eeprom
                0x10000ea0       0x58 CMakeFiles/pill_dispenser.dir/eeprom/eeprom.c.obj
                0x10000ea0                write_to_eeprom
 .text.read_from_eeprom
                0x10000ef8       0x4c CMakeFiles/pill_dispenser.dir/eeprom/eeprom.c.obj
                0x10000ef8                read_from_eeprom
 .text.get_stored_value
                0x10000f44       0x16 CMakeFiles/pill_dispenser.dir/eeprom/eeprom.c.obj
                0x10000f44                get_stored_value
 *fill*         0x10000f5a        0x2 
 .text.crc16    0x10000f5c       0x2c CMakeFiles/pill_dispenser.dir/eeprom/eeprom.c.obj
                0x10000f5c                crc16
 .text.read_log_entry
                0x10000f88       0x8c CMakeFiles/pill_dispenser.dir/eeprom/eeprom.c.obj
                0x10000f88                read_log_entry
 .text.erase_logs
                0x10001014       0x4c CMakeFiles/pill_dispenser.dir/eeprom/eeprom.c.obj
                0x10001014                erase_logs
 .text.write_log_entry
                0x10001060       0xb8 CMakeFiles/pill_dispenser.dir/eeprom/eeprom.c.obj
                0x10001060                write_log_entry
 .text.gpio_set_function
                0x10001118       0x30 CMakeFiles/pill_dispenser.dir/C_/VSARM/sdk/pico/pico-sdk/src/rp2_common/hardware_gpio/gpio.c.obj
                0x10001118                gpio_set_function
 .text.gpio_set_pulls
                0x10001148       0x34 CMakeFiles/pill_dispenser.dir/C_/VSARM/sdk/pico/pico-sdk/src/rp2_common/hardware_gpio/gpio.c.obj
                0x10001148                gpio_set_pulls
 .text.gpio_set_irq_callback
                0x1000117c       0x48 CMakeFiles/pill_dispenser.dir/C_/VSARM/sdk/pico/pico-sdk/src/rp2_common/hardware_gpio/gpio.c.obj
                0x1000117c                gpio_set_irq_callback
 .text.gpio_acknowledge_irq
                0x100011c4       0x18 CMakeFiles/pill_dispenser.dir/C_/VSARM/sdk/pico/pico-sdk/src/rp2_common/hardware_gpio/gpio.c.obj
                0x100011c4                gpio_acknowledge_irq
 .text._gpio_set_irq_enabled
                0x100011dc       0x34 CMakeFiles/pill_dispenser.dir/C_/VSARM/sdk/pico/pico-sdk/src/rp2_common/hardware_gpio/gpio.c.obj
 .text.gpio_set_irq_enabled
                0x10001210       0x20 CMakeFiles/pill_dispenser.dir/C_/VSARM/sdk/pico/pico-sdk/src/rp2_common/hardware_gpio/gpio.c.obj
                0x10001210                gpio_set_irq_enabled
 .text.gpio_set_irq_enabled_with_callback
                0x10001230       0x20 CMakeFiles/pill_dispenser.dir/C_/VSARM/sdk/pico/pico-sdk/src/rp2_common/hardware_gpio/gpio.c.obj
                0x10001230                gpio_set_irq_enabled_with_callback
 .text.gpio_default_irq_handler
                0x10001250       0x98 CMakeFiles/pill_dispenser.dir/C_/VSARM/sdk/pico/pico-sdk/src/rp2_common/hardware_gpio/gpio.c.obj
 .text.gpio_init
                0x100012e8       0x16 CMakeFiles/pill_dispenser.dir/C_/VSARM/sdk/pico/pico-sdk/src/rp2_common/hardware_gpio/gpio.c.obj
                0x100012e8                gpio_init
 *fill*         0x100012fe        0x2 
 .text.running_on_fpga
                0x10001300       0x14 CMakeFiles/pill_dispenser.dir/C_/VSARM/sdk/pico/pico-sdk/src/rp2_common/pico_platform/platform.c.obj
                0x10001300                running_on_fpga
 .text.hw_claim_lock
                0x10001314       0x18 CMakeFiles/pill_dispenser.dir/C_/VSARM/sdk/pico/pico-sdk/src/rp2_common/hardware_claim/claim.c.obj
                0x10001314                hw_claim_lock
 .text.hw_claim_unlock
                0x1000132c       0x14 CMakeFiles/pill_dispenser.dir/C_/VSARM/sdk/pico/pico-sdk/src/rp2_common/hardware_claim/claim.c.obj
                0x1000132c                hw_claim_unlock
 .text.hw_claim_or_assert
                0x10001340       0x32 CMakeFiles/pill_dispenser.dir/C_/VSARM/sdk/pico/pico-sdk/src/rp2_common/hardware_claim/claim.c.obj
                0x10001340                hw_claim_or_assert
 *fill*         0x10001372        0x2 
 .text.spin_locks_reset
                0x10001374       0x20 CMakeFiles/pill_dispenser.dir/C_/VSARM/sdk/pico/pico-sdk/src/rp2_common/hardware_sync/sync.c.obj
                0x10001374                spin_locks_reset
 .text.next_striped_spin_lock_num
                0x10001394       0x1c CMakeFiles/pill_dispenser.dir/C_/VSARM/sdk/pico/pico-sdk/src/rp2_common/hardware_sync/sync.c.obj
                0x10001394                next_striped_spin_lock_num
 .text.set_raw_irq_handler_and_unlock
                0x100013b0       0x28 CMakeFiles/pill_dispenser.dir/C_/VSARM/sdk/pico/pico-sdk/src/rp2_common/hardware_irq/irq.c.obj
 .text.make_branch
                0x100013d8       0x48 CMakeFiles/pill_dispenser.dir/C_/VSARM/sdk/pico/pico-sdk/src/rp2_common/hardware_irq/irq.c.obj
 .text.insert_branch_and_link
                0x10001420       0x40 CMakeFiles/pill_dispenser.dir/C_/VSARM/sdk/pico/pico-sdk/src/rp2_common/hardware_irq/irq.c.obj
 .text.irq_is_enabled
                0x10001460       0x18 CMakeFiles/pill_dispenser.dir/C_/VSARM/sdk/pico/pico-sdk/src/rp2_common/hardware_irq/irq.c.obj
                0x10001460                irq_is_enabled
 .text.irq_set_mask_enabled
                0x10001478       0x20 CMakeFiles/pill_dispenser.dir/C_/VSARM/sdk/pico/pico-sdk/src/rp2_common/hardware_irq/irq.c.obj
                0x10001478                irq_set_mask_enabled
 .text.irq_set_enabled
                0x10001498        0xe CMakeFiles/pill_dispenser.dir/C_/VSARM/sdk/pico/pico-sdk/src/rp2_common/hardware_irq/irq.c.obj
                0x10001498                irq_set_enabled
 *fill*         0x100014a6        0x2 
 .text.irq_get_vtable_handler
                0x100014a8       0x10 CMakeFiles/pill_dispenser.dir/C_/VSARM/sdk/pico/pico-sdk/src/rp2_common/hardware_irq/irq.c.obj
                0x100014a8                irq_get_vtable_handler
 .text.irq_set_exclusive_handler
                0x100014b8       0x54 CMakeFiles/pill_dispenser.dir/C_/VSARM/sdk/pico/pico-sdk/src/rp2_common/hardware_irq/irq.c.obj
                0x100014b8                irq_set_exclusive_handler
 .text.irq_add_shared_handler
                0x1000150c      0x230 CMakeFiles/pill_dispenser.dir/C_/VSARM/sdk/pico/pico-sdk/src/rp2_common/hardware_irq/irq.c.obj
                0x1000150c                irq_add_shared_handler
 .text.irq_remove_handler
                0x1000173c      0x1a8 CMakeFiles/pill_dispenser.dir/C_/VSARM/sdk/pico/pico-sdk/src/rp2_common/hardware_irq/irq.c.obj
                0x1000173c                irq_remove_handler
 .text.irq_add_tail_to_free_list
                0x100018e4       0xf0 CMakeFiles/pill_dispenser.dir/C_/VSARM/sdk/pico/pico-sdk/src/rp2_common/hardware_irq/irq.c.obj
                0x100018e4                irq_add_tail_to_free_list
 .text.irq_init_priorities
                0x100019d4       0x1c CMakeFiles/pill_dispenser.dir/C_/VSARM/sdk/pico/pico-sdk/src/rp2_common/hardware_irq/irq.c.obj
                0x100019d4                irq_init_priorities
 .text.lock_init
                0x100019f0       0x10 CMakeFiles/pill_dispenser.dir/C_/VSARM/sdk/pico/pico-sdk/src/common/pico_sync/lock_core.c.obj
                0x100019f0                lock_init
 .text.mutex_init
                0x10001a00       0x1a CMakeFiles/pill_dispenser.dir/C_/VSARM/sdk/pico/pico-sdk/src/common/pico_sync/mutex.c.obj
                0x10001a00                mutex_init
 .text.recursive_mutex_init
                0x10001a1a       0x1e CMakeFiles/pill_dispenser.dir/C_/VSARM/sdk/pico/pico-sdk/src/common/pico_sync/mutex.c.obj
                0x10001a1a                recursive_mutex_init
 .text.alarm_pool_post_alloc_init
                0x10001a38       0x40 CMakeFiles/pill_dispenser.dir/C_/VSARM/sdk/pico/pico-sdk/src/common/pico_time/time.c.obj
 .text.sleep_until_callback
                0x10001a78       0x30 CMakeFiles/pill_dispenser.dir/C_/VSARM/sdk/pico/pico-sdk/src/common/pico_time/time.c.obj
 .text.timer_pool_entry_comparator
                0x10001aa8       0x78 CMakeFiles/pill_dispenser.dir/C_/VSARM/sdk/pico/pico-sdk/src/common/pico_time/time.c.obj
                0x10001aa8                timer_pool_entry_comparator
 .text.ph_add_child_node
                0x10001b20       0xa0 CMakeFiles/pill_dispenser.dir/C_/VSARM/sdk/pico/pico-sdk/src/common/pico_time/time.c.obj
 .text.ph_merge_nodes
                0x10001bc0       0x3e CMakeFiles/pill_dispenser.dir/C_/VSARM/sdk/pico/pico-sdk/src/common/pico_time/time.c.obj
 *fill*         0x10001bfe        0x2 
 .text.add_alarm_under_lock
                0x10001c00      0x16c CMakeFiles/pill_dispenser.dir/C_/VSARM/sdk/pico/pico-sdk/src/common/pico_time/time.c.obj
 .text.alarm_pool_alarm_callback
                0x10001d6c      0x33c CMakeFiles/pill_dispenser.dir/C_/VSARM/sdk/pico/pico-sdk/src/common/pico_time/time.c.obj
 .text.alarm_pool_init_default
                0x100020a8       0x40 CMakeFiles/pill_dispenser.dir/C_/VSARM/sdk/pico/pico-sdk/src/common/pico_time/time.c.obj
                0x100020a8                alarm_pool_init_default
 .text.alarm_pool_get_default
                0x100020e8       0x2c CMakeFiles/pill_dispenser.dir/C_/VSARM/sdk/pico/pico-sdk/src/common/pico_time/time.c.obj
                0x100020e8                alarm_pool_get_default
 .text.alarm_pool_add_alarm_at
                0x10002114      0x16c CMakeFiles/pill_dispenser.dir/C_/VSARM/sdk/pico/pico-sdk/src/common/pico_time/time.c.obj
                0x10002114                alarm_pool_add_alarm_at
 .text.alarm_pool_cancel_alarm
                0x10002280       0xf4 CMakeFiles/pill_dispenser.dir/C_/VSARM/sdk/pico/pico-sdk/src/common/pico_time/time.c.obj
                0x10002280                alarm_pool_cancel_alarm
 .text.sleep_until
                0x10002374       0xfc CMakeFiles/pill_dispenser.dir/C_/VSARM/sdk/pico/pico-sdk/src/common/pico_time/time.c.obj
                0x10002374                sleep_until
 .text.sleep_us
                0x10002470       0x58 CMakeFiles/pill_dispenser.dir/C_/VSARM/sdk/pico/pico-sdk/src/common/pico_time/time.c.obj
                0x10002470                sleep_us
 .text.sleep_ms
                0x100024c8       0x14 CMakeFiles/pill_dispenser.dir/C_/VSARM/sdk/pico/pico-sdk/src/common/pico_time/time.c.obj
                0x100024c8                sleep_ms
 .text.best_effort_wfe_or_timeout
                0x100024dc       0xac CMakeFiles/pill_dispenser.dir/C_/VSARM/sdk/pico/pico-sdk/src/common/pico_time/time.c.obj
                0x100024dc                best_effort_wfe_or_timeout
 .text.hardware_alarm_irq_handler
                0x10002588       0x8c CMakeFiles/pill_dispenser.dir/C_/VSARM/sdk/pico/pico-sdk/src/rp2_common/hardware_timer/timer.c.obj
 .text.hardware_alarm_claim
                0x10002614       0x18 CMakeFiles/pill_dispenser.dir/C_/VSARM/sdk/pico/pico-sdk/src/rp2_common/hardware_timer/timer.c.obj
                0x10002614                hardware_alarm_claim
 .text.time_us_64
                0x1000262c       0x18 CMakeFiles/pill_dispenser.dir/C_/VSARM/sdk/pico/pico-sdk/src/rp2_common/hardware_timer/timer.c.obj
                0x1000262c                time_us_64
 .text.busy_wait_until
                0x10002644       0x28 CMakeFiles/pill_dispenser.dir/C_/VSARM/sdk/pico/pico-sdk/src/rp2_common/hardware_timer/timer.c.obj
                0x10002644                busy_wait_until
 .text.busy_wait_us
                0x1000266c       0x48 CMakeFiles/pill_dispenser.dir/C_/VSARM/sdk/pico/pico-sdk/src/rp2_common/hardware_timer/timer.c.obj
                0x1000266c                busy_wait_us
 .text.hardware_alarm_set_callback
                0x100026b4       0x90 CMakeFiles/pill_dispenser.dir/C_/VSARM/sdk/pico/pico-sdk/src/rp2_common/hardware_timer/timer.c.obj
                0x100026b4                hardware_alarm_set_callback
 .text.hardware_alarm_set_target
                0x10002744       0xe8 CMakeFiles/pill_dispenser.dir/C_/VSARM/sdk/pico/pico-sdk/src/rp2_common/hardware_timer/timer.c.obj
                0x10002744                hardware_alarm_set_target
 .text.hardware_alarm_cancel
                0x1000282c       0x40 CMakeFiles/pill_dispenser.dir/C_/VSARM/sdk/pico/pico-sdk/src/rp2_common/hardware_timer/timer.c.obj
                0x1000282c                hardware_alarm_cancel
 .text.ph_add_child_node
                0x1000286c       0xa0 CMakeFiles/pill_dispenser.dir/C_/VSARM/sdk/pico/pico-sdk/src/common/pico_util/pheap.c.obj
 .text.ph_merge_nodes
                0x1000290c       0x3e CMakeFiles/pill_dispenser.dir/C_/VSARM/sdk/pico/pico-sdk/src/common/pico_util/pheap.c.obj
 *fill*         0x1000294a        0x2 
 .text.ph_clear
                0x1000294c       0x70 CMakeFiles/pill_dispenser.dir/C_/VSARM/sdk/pico/pico-sdk/src/common/pico_util/pheap.c.obj
                0x1000294c                ph_clear
 .text.ph_post_alloc_init
                0x100029bc        0xe CMakeFiles/pill_dispenser.dir/C_/VSARM/sdk/pico/pico-sdk/src/common/pico_util/pheap.c.obj
                0x100029bc                ph_post_alloc_init
 *fill*         0x100029ca        0x2 
 .text.ph_merge_two_pass
                0x100029cc       0xa4 CMakeFiles/pill_dispenser.dir/C_/VSARM/sdk/pico/pico-sdk/src/common/pico_util/pheap.c.obj
                0x100029cc                ph_merge_two_pass
 .text.ph_remove_any_head
                0x10002a70      0x120 CMakeFiles/pill_dispenser.dir/C_/VSARM/sdk/pico/pico-sdk/src/common/pico_util/pheap.c.obj
 .text.ph_remove_head
                0x10002b90       0x14 CMakeFiles/pill_dispenser.dir/C_/VSARM/sdk/pico/pico-sdk/src/common/pico_util/pheap.c.obj
                0x10002b90                ph_remove_head
 .text.ph_remove_and_free_node
                0x10002ba4       0xf8 CMakeFiles/pill_dispenser.dir/C_/VSARM/sdk/pico/pico-sdk/src/common/pico_util/pheap.c.obj
                0x10002ba4                ph_remove_and_free_node
 .text.uart_disable_before_lcr_write
                0x10002c9c       0x48 CMakeFiles/pill_dispenser.dir/C_/VSARM/sdk/pico/pico-sdk/src/rp2_common/hardware_uart/uart.c.obj
 .text.uart_write_lcr_bits_masked
                0x10002ce4       0x22 CMakeFiles/pill_dispenser.dir/C_/VSARM/sdk/pico/pico-sdk/src/rp2_common/hardware_uart/uart.c.obj
 *fill*         0x10002d06        0x2 
 .text.uart_set_baudrate
                0x10002d08       0x5c CMakeFiles/pill_dispenser.dir/C_/VSARM/sdk/pico/pico-sdk/src/rp2_common/hardware_uart/uart.c.obj
                0x10002d08                uart_set_baudrate
 .text.uart_set_format
                0x10002d64       0x2c CMakeFiles/pill_dispenser.dir/C_/VSARM/sdk/pico/pico-sdk/src/rp2_common/hardware_uart/uart.c.obj
                0x10002d64                uart_set_format
 .text.uart_set_translate_crlf
                0x10002d90       0x28 CMakeFiles/pill_dispenser.dir/C_/VSARM/sdk/pico/pico-sdk/src/rp2_common/hardware_uart/uart.c.obj
                0x10002d90                uart_set_translate_crlf
 .text.uart_init
                0x10002db8       0x80 CMakeFiles/pill_dispenser.dir/C_/VSARM/sdk/pico/pico-sdk/src/rp2_common/hardware_uart/uart.c.obj
                0x10002db8                uart_init
 .text.uart_is_readable_within_us
                0x10002e38       0x20 CMakeFiles/pill_dispenser.dir/C_/VSARM/sdk/pico/pico-sdk/src/rp2_common/hardware_uart/uart.c.obj
                0x10002e38                uart_is_readable_within_us
 .text.clock_configure
                0x10002e58      0x108 CMakeFiles/pill_dispenser.dir/C_/VSARM/sdk/pico/pico-sdk/src/rp2_common/hardware_clocks/clocks.c.obj
                0x10002e58                clock_configure
 .text.clocks_init
                0x10002f60      0x100 CMakeFiles/pill_dispenser.dir/C_/VSARM/sdk/pico/pico-sdk/src/rp2_common/hardware_clocks/clocks.c.obj
                0x10002f60                clocks_init
 .text.clock_get_hz
                0x10003060        0xc CMakeFiles/pill_dispenser.dir/C_/VSARM/sdk/pico/pico-sdk/src/rp2_common/hardware_clocks/clocks.c.obj
                0x10003060                clock_get_hz
 .text.pll_init
                0x1000306c      0x120 CMakeFiles/pill_dispenser.dir/C_/VSARM/sdk/pico/pico-sdk/src/rp2_common/hardware_pll/pll.c.obj
                0x1000306c                pll_init
 .text.watchdog_start_tick
                0x1000318c       0x10 CMakeFiles/pill_dispenser.dir/C_/VSARM/sdk/pico/pico-sdk/src/rp2_common/hardware_watchdog/watchdog.c.obj
                0x1000318c                watchdog_start_tick
 .text.xosc_init
                0x1000319c       0x28 CMakeFiles/pill_dispenser.dir/C_/VSARM/sdk/pico/pico-sdk/src/rp2_common/hardware_xosc/xosc.c.obj
                0x1000319c                xosc_init
 .text._exit    0x100031c4        0x4 CMakeFiles/pill_dispenser.dir/C_/VSARM/sdk/pico/pico-sdk/src/rp2_common/pico_runtime/runtime.c.obj
                0x100031c4                _exit
 .text._sbrk    0x100031c8       0x38 CMakeFiles/pill_dispenser.dir/C_/VSARM/sdk/pico/pico-sdk/src/rp2_common/pico_runtime/runtime.c.obj
                0x100031c8                _sbrk
 .text.exit     0x10003200        0x6 CMakeFiles/pill_dispenser.dir/C_/VSARM/sdk/pico/pico-sdk/src/rp2_common/pico_runtime/runtime.c.obj
                0x10003200                exit
 *fill*         0x10003206        0x2 
 .text.__assert_func
                0x10003208       0x3c CMakeFiles/pill_dispenser.dir/C_/VSARM/sdk/pico/pico-sdk/src/rp2_common/pico_runtime/runtime.c.obj
                0x10003208                __assert_func
 .text.runtime_init
                0x10003244       0xf8 CMakeFiles/pill_dispenser.dir/C_/VSARM/sdk/pico/pico-sdk/src/rp2_common/pico_runtime/runtime.c.obj
                0x10003244                runtime_init
 .text.panic    0x1000333c       0x30 CMakeFiles/pill_dispenser.dir/C_/VSARM/sdk/pico/pico-sdk/src/rp2_common/pico_runtime/runtime.c.obj
                0x1000333c                panic
 .text._out_buffer
                0x1000336c        0x8 CMakeFiles/pill_dispenser.dir/C_/VSARM/sdk/pico/pico-sdk/src/rp2_common/pico_printf/printf.c.obj
 .text._out_null
                0x10003374        0x2 CMakeFiles/pill_dispenser.dir/C_/VSARM/sdk/pico/pico-sdk/src/rp2_common/pico_printf/printf.c.obj
 .text._out_fct
                0x10003376        0xe CMakeFiles/pill_dispenser.dir/C_/VSARM/sdk/pico/pico-sdk/src/rp2_common/pico_printf/printf.c.obj
 .text._atoi    0x10003384       0x24 CMakeFiles/pill_dispenser.dir/C_/VSARM/sdk/pico/pico-sdk/src/rp2_common/pico_printf/printf.c.obj
 .text._out_rev
                0x100033a8       0xae CMakeFiles/pill_dispenser.dir/C_/VSARM/sdk/pico/pico-sdk/src/rp2_common/pico_printf/printf.c.obj
 .text._ntoa_format
                0x10003456      0x112 CMakeFiles/pill_dispenser.dir/C_/VSARM/sdk/pico/pico-sdk/src/rp2_common/pico_printf/printf.c.obj
 .text._ntoa_long
                0x10003568       0xbc CMakeFiles/pill_dispenser.dir/C_/VSARM/sdk/pico/pico-sdk/src/rp2_common/pico_printf/printf.c.obj
 .text._ntoa_long_long
                0x10003624       0xe2 CMakeFiles/pill_dispenser.dir/C_/VSARM/sdk/pico/pico-sdk/src/rp2_common/pico_printf/printf.c.obj
 *fill*         0x10003706        0x2 
 .text._etoa    0x10003708      0x414 CMakeFiles/pill_dispenser.dir/C_/VSARM/sdk/pico/pico-sdk/src/rp2_common/pico_printf/printf.c.obj
 .text._ftoa    0x10003b1c      0x354 CMakeFiles/pill_dispenser.dir/C_/VSARM/sdk/pico/pico-sdk/src/rp2_common/pico_printf/printf.c.obj
 .text._vsnprintf
                0x10003e70      0x650 CMakeFiles/pill_dispenser.dir/C_/VSARM/sdk/pico/pico-sdk/src/rp2_common/pico_printf/printf.c.obj
 .text.__wrap_sprintf
                0x100044c0       0x2c CMakeFiles/pill_dispenser.dir/C_/VSARM/sdk/pico/pico-sdk/src/rp2_common/pico_printf/printf.c.obj
                0x100044c0                __wrap_sprintf
 .text.__wrap_snprintf
                0x100044ec       0x28 CMakeFiles/pill_dispenser.dir/C_/VSARM/sdk/pico/pico-sdk/src/rp2_common/pico_printf/printf.c.obj
                0x100044ec                __wrap_snprintf
 .text.__wrap_vsnprintf
                0x10004514       0x1c CMakeFiles/pill_dispenser.dir/C_/VSARM/sdk/pico/pico-sdk/src/rp2_common/pico_printf/printf.c.obj
                0x10004514                __wrap_vsnprintf
 .text.vfctprintf
                0x10004530       0x20 CMakeFiles/pill_dispenser.dir/C_/VSARM/sdk/pico/pico-sdk/src/rp2_common/pico_printf/printf.c.obj
                0x10004530                vfctprintf
 .text          0x10004550       0x10 CMakeFiles/pill_dispenser.dir/C_/VSARM/sdk/pico/pico-sdk/src/rp2_common/pico_bit_ops/bit_ops_aeabi.S.obj
 .text.rom_func_lookup
                0x10004560       0x10 CMakeFiles/pill_dispenser.dir/C_/VSARM/sdk/pico/pico-sdk/src/rp2_common/pico_bootrom/bootrom.c.obj
                0x10004560                rom_func_lookup
 .text.rom_data_lookup
                0x10004570       0x10 CMakeFiles/pill_dispenser.dir/C_/VSARM/sdk/pico/pico-sdk/src/rp2_common/pico_bootrom/bootrom.c.obj
                0x10004570                rom_data_lookup
 .text.rom_funcs_lookup
                0x10004580       0x36 CMakeFiles/pill_dispenser.dir/C_/VSARM/sdk/pico/pico-sdk/src/rp2_common/pico_bootrom/bootrom.c.obj
                0x10004580                rom_funcs_lookup
 *fill*         0x100045b6        0x2 
 .text.__wrap___aeabi_idiv
                0x100045b8       0x50 CMakeFiles/pill_dispenser.dir/C_/VSARM/sdk/pico/pico-sdk/src/rp2_common/pico_divider/divider.S.obj
                0x100045b8                __wrap___aeabi_idivmod
                0x100045b8                divmod_s32s32
                0x100045b8                div_s32s32
                0x100045b8                __wrap___aeabi_idiv
                0x100045c0                divmod_s32s32_unsafe
                0x100045ec                divmod_s32s32_savestate
 .text.__wrap___aeabi_uidiv
                0x10004608       0x4c CMakeFiles/pill_dispenser.dir/C_/VSARM/sdk/pico/pico-sdk/src/rp2_common/pico_divider/divider.S.obj
                0x10004608                __wrap___aeabi_uidiv
                0x10004608                __wrap___aeabi_uidivmod
                0x10004608                div_u32u32
                0x10004608                divmod_u32u32
                0x10004610                divmod_u32u32_unsafe
                0x10004638                divmod_u32u32_savestate
 .text.__wrap___aeabi_ldiv
                0x10004654      0x424 CMakeFiles/pill_dispenser.dir/C_/VSARM/sdk/pico/pico-sdk/src/rp2_common/pico_divider/divider.S.obj
                0x10004654                div_s64s64
                0x10004654                divmod_s64s64
                0x10004654                __wrap___aeabi_ldivmod
                0x10004684                divmod_u64u64
                0x10004684                div_u64u64
                0x10004684                __wrap___aeabi_uldivmod
                0x10004694                divmod_u64u64_savestate
                0x100046b4                divmod_s64s64_unsafe
                0x1000473c                divmod_u64u64_unsafe
 .text.__wrap___aeabi_darithmetic
                0x10004a78       0x60 CMakeFiles/pill_dispenser.dir/C_/VSARM/sdk/pico/pico-sdk/src/rp2_common/pico_double/double_aeabi.S.obj
                0x10004a78                __wrap___aeabi_drsub
                0x10004a7e                __wrap___aeabi_dsub
                0x10004a88                __wrap___aeabi_dadd
                0x10004a92                __wrap___aeabi_ddiv
                0x10004ac6                __wrap___aeabi_dmul
 .text.__wrap___aeabi_cdcmple
                0x10004ad8       0x6c CMakeFiles/pill_dispenser.dir/C_/VSARM/sdk/pico/pico-sdk/src/rp2_common/pico_double/double_aeabi.S.obj
                0x10004ad8                __wrap___aeabi_cdrcmple
                0x10004ae8                __wrap___aeabi_cdcmpeq
                0x10004ae8                __wrap___aeabi_cdcmple
 .text.__wrap___aeabi_dcmpeq
                0x10004b44       0x10 CMakeFiles/pill_dispenser.dir/C_/VSARM/sdk/pico/pico-sdk/src/rp2_common/pico_double/double_aeabi.S.obj
                0x10004b44                __wrap___aeabi_dcmpeq
 .text.__wrap___aeabi_dcmplt
                0x10004b54        0xc CMakeFiles/pill_dispenser.dir/C_/VSARM/sdk/pico/pico-sdk/src/rp2_common/pico_double/double_aeabi.S.obj
                0x10004b54                __wrap___aeabi_dcmplt
 .text.__wrap___aeabi_dcmple
                0x10004b60       0x10 CMakeFiles/pill_dispenser.dir/C_/VSARM/sdk/pico/pico-sdk/src/rp2_common/pico_double/double_aeabi.S.obj
                0x10004b60                __wrap___aeabi_dcmple
 .text.__wrap___aeabi_dcmpge
                0x10004b70       0x10 CMakeFiles/pill_dispenser.dir/C_/VSARM/sdk/pico/pico-sdk/src/rp2_common/pico_double/double_aeabi.S.obj
                0x10004b70                __wrap___aeabi_dcmpge
 .text.__wrap___aeabi_dcmpgt
                0x10004b80        0xa CMakeFiles/pill_dispenser.dir/C_/VSARM/sdk/pico/pico-sdk/src/rp2_common/pico_double/double_aeabi.S.obj
                0x10004b80                __wrap___aeabi_dcmpgt
 .text.__wrap___aeabi_dcmpun
                0x10004b8a       0x1c CMakeFiles/pill_dispenser.dir/C_/VSARM/sdk/pico/pico-sdk/src/rp2_common/pico_double/double_aeabi.S.obj
                0x10004b8a                __wrap___aeabi_dcmpun
 *fill*         0x10004ba6        0x2 
 .text.__wrap___aeabi_i2d
                0x10004ba8       0x38 CMakeFiles/pill_dispenser.dir/C_/VSARM/sdk/pico/pico-sdk/src/rp2_common/pico_double/double_aeabi.S.obj
                0x10004ba8                __wrap___aeabi_ui2d
                0x10004bb0                __wrap___aeabi_i2d
 .text.__wrap___aeabi_d2iz
                0x10004be0       0x48 CMakeFiles/pill_dispenser.dir/C_/VSARM/sdk/pico/pico-sdk/src/rp2_common/pico_double/double_aeabi.S.obj
                0x10004be0                double2int_z
                0x10004be0                __wrap___aeabi_d2iz
 .text.__wrap___aeabi_d2uiz
                0x10004c28       0x10 CMakeFiles/pill_dispenser.dir/C_/VSARM/sdk/pico/pico-sdk/src/rp2_common/pico_double/double_aeabi.S.obj
                0x10004c28                __wrap___aeabi_d2uiz
                0x10004c28                double2uint
 .text.missing_double_func_shim
                0x10004c38        0xc CMakeFiles/pill_dispenser.dir/C_/VSARM/sdk/pico/pico-sdk/src/rp2_common/pico_double/double_init_rom.c.obj
 .text.__aeabi_double_init
                0x10004c44       0xcc CMakeFiles/pill_dispenser.dir/C_/VSARM/sdk/pico/pico-sdk/src/rp2_common/pico_double/double_init_rom.c.obj
                0x10004c44                __aeabi_double_init
 .text.double_table_shim_on_use_helper
                0x10004d10       0x34 CMakeFiles/pill_dispenser.dir/C_/VSARM/sdk/pico/pico-sdk/src/rp2_common/pico_double/double_v1_rom_shim.S.obj
                0x10004d10                double_table_shim_on_use_helper
 .text.__aeabi_lmul
                0x10004d44       0x32 CMakeFiles/pill_dispenser.dir/C_/VSARM/sdk/pico/pico-sdk/src/rp2_common/pico_int64_ops/pico_int64_ops_aeabi.S.obj
                0x10004d44                __wrap___aeabi_lmul
 *fill*         0x10004d76        0x2 
 .text.missing_float_func_shim
                0x10004d78        0xc CMakeFiles/pill_dispenser.dir/C_/VSARM/sdk/pico/pico-sdk/src/rp2_common/pico_float/float_init_rom.c.obj
 .text.__aeabi_float_init
                0x10004d84       0x88 CMakeFiles/pill_dispenser.dir/C_/VSARM/sdk/pico/pico-sdk/src/rp2_common/pico_float/float_init_rom.c.obj
                0x10004d84                __aeabi_float_init
 .text          0x10004e0c       0x10 CMakeFiles/pill_dispenser.dir/C_/VSARM/sdk/pico/pico-sdk/src/rp2_common/pico_mem_ops/mem_ops_aeabi.S.obj
                0x10004e0c                __aeabi_mem_init
 .text.memset   0x10004e1c        0xc CMakeFiles/pill_dispenser.dir/C_/VSARM/sdk/pico/pico-sdk/src/rp2_common/pico_mem_ops/mem_ops_aeabi.S.obj
                0x10004e1c                __wrap_memset
 .text.memcpy   0x10004e28        0xc CMakeFiles/pill_dispenser.dir/C_/VSARM/sdk/pico/pico-sdk/src/rp2_common/pico_mem_ops/mem_ops_aeabi.S.obj
                0x10004e28                __wrap_memcpy
                0x10004e28                __wrap___aeabi_memcpy
 .text.stdio_out_chars_no_crlf
                0x10004e34        0xe CMakeFiles/pill_dispenser.dir/C_/VSARM/sdk/pico/pico-sdk/src/rp2_common/pico_stdio/stdio.c.obj
 *fill*         0x10004e42        0x2 
 .text.stdio_out_chars_crlf
                0x10004e44       0x80 CMakeFiles/pill_dispenser.dir/C_/VSARM/sdk/pico/pico-sdk/src/rp2_common/pico_stdio/stdio.c.obj
 .text.stdio_stack_buffer_flush
                0x10004ec4       0x44 CMakeFiles/pill_dispenser.dir/C_/VSARM/sdk/pico/pico-sdk/src/rp2_common/pico_stdio/stdio.c.obj
 .text.stdio_buffered_printer
                0x10004f08       0x20 CMakeFiles/pill_dispenser.dir/C_/VSARM/sdk/pico/pico-sdk/src/rp2_common/pico_stdio/stdio.c.obj
 .text.stdio_get_until
                0x10004f28       0x80 CMakeFiles/pill_dispenser.dir/C_/VSARM/sdk/pico/pico-sdk/src/rp2_common/pico_stdio/stdio.c.obj
 .text.stdout_serialize_begin
                0x10004fa8       0x5c CMakeFiles/pill_dispenser.dir/C_/VSARM/sdk/pico/pico-sdk/src/rp2_common/pico_stdio/stdio.c.obj
                0x10004fa8                stdout_serialize_begin
 .text.stdout_serialize_end
                0x10005004       0x10 CMakeFiles/pill_dispenser.dir/C_/VSARM/sdk/pico/pico-sdk/src/rp2_common/pico_stdio/stdio.c.obj
                0x10005004                stdout_serialize_end
 .text.stdio_put_string
                0x10005014       0x98 CMakeFiles/pill_dispenser.dir/C_/VSARM/sdk/pico/pico-sdk/src/rp2_common/pico_stdio/stdio.c.obj
 .text.__wrap_putchar
                0x100050ac       0x1c CMakeFiles/pill_dispenser.dir/C_/VSARM/sdk/pico/pico-sdk/src/rp2_common/pico_stdio/stdio.c.obj
                0x100050ac                __wrap_putchar
 .text._read    0x100050c8       0x24 CMakeFiles/pill_dispenser.dir/C_/VSARM/sdk/pico/pico-sdk/src/rp2_common/pico_stdio/stdio.c.obj
                0x100050c8                _read
 .text._write   0x100050ec       0x22 CMakeFiles/pill_dispenser.dir/C_/VSARM/sdk/pico/pico-sdk/src/rp2_common/pico_stdio/stdio.c.obj
                0x100050ec                _write
 .text._close   0x1000510e        0x6 CMakeFiles/pill_dispenser.dir/C_/VSARM/sdk/pico/pico-sdk/src/rp2_common/pico_stdio/stdio.c.obj
                0x1000510e                _close
 .text._lseek   0x10005114        0x6 CMakeFiles/pill_dispenser.dir/C_/VSARM/sdk/pico/pico-sdk/src/rp2_common/pico_stdio/stdio.c.obj
                0x10005114                _lseek
 .text._fstat   0x1000511a        0x6 CMakeFiles/pill_dispenser.dir/C_/VSARM/sdk/pico/pico-sdk/src/rp2_common/pico_stdio/stdio.c.obj
                0x1000511a                _fstat
 .text._isatty  0x10005120        0xc CMakeFiles/pill_dispenser.dir/C_/VSARM/sdk/pico/pico-sdk/src/rp2_common/pico_stdio/stdio.c.obj
                0x10005120                _isatty
 .text.stdio_set_driver_enabled
                0x1000512c       0x2c CMakeFiles/pill_dispenser.dir/C_/VSARM/sdk/pico/pico-sdk/src/rp2_common/pico_stdio/stdio.c.obj
                0x1000512c                stdio_set_driver_enabled
 .text.stdio_flush
                0x10005158       0x20 CMakeFiles/pill_dispenser.dir/C_/VSARM/sdk/pico/pico-sdk/src/rp2_common/pico_stdio/stdio.c.obj
                0x10005158                stdio_flush
 .text.__wrap_puts
                0x10005178       0x1e CMakeFiles/pill_dispenser.dir/C_/VSARM/sdk/pico/pico-sdk/src/rp2_common/pico_stdio/stdio.c.obj
                0x10005178                __wrap_puts
 *fill*         0x10005196        0x2 
 .text.__wrap_vprintf
                0x10005198       0x40 CMakeFiles/pill_dispenser.dir/C_/VSARM/sdk/pico/pico-sdk/src/rp2_common/pico_stdio/stdio.c.obj
                0x10005198                __wrap_vprintf
 .text.__wrap_printf
                0x100051d8       0x18 CMakeFiles/pill_dispenser.dir/C_/VSARM/sdk/pico/pico-sdk/src/rp2_common/pico_stdio/stdio.c.obj
                0x100051d8                __wrap_printf
 .text.stdio_init_all
                0x100051f0        0xa CMakeFiles/pill_dispenser.dir/C_/VSARM/sdk/pico/pico-sdk/src/rp2_common/pico_stdio/stdio.c.obj
                0x100051f0                stdio_init_all
 *fill*         0x100051fa        0x2 
 .text.stdio_uart_out_chars
                0x100051fc       0x74 CMakeFiles/pill_dispenser.dir/C_/VSARM/sdk/pico/pico-sdk/src/rp2_common/pico_stdio_uart/stdio_uart.c.obj
 .text.stdio_uart_in_chars
                0x10005270       0x80 CMakeFiles/pill_dispenser.dir/C_/VSARM/sdk/pico/pico-sdk/src/rp2_common/pico_stdio_uart/stdio_uart.c.obj
                0x10005270                stdio_uart_in_chars
 .text.on_uart_rx
                0x100052f0       0x28 CMakeFiles/pill_dispenser.dir/C_/VSARM/sdk/pico/pico-sdk/src/rp2_common/pico_stdio_uart/stdio_uart.c.obj
 .text.stdio_uart_set_chars_available_callback
                0x10005318       0x8c CMakeFiles/pill_dispenser.dir/C_/VSARM/sdk/pico/pico-sdk/src/rp2_common/pico_stdio_uart/stdio_uart.c.obj
 .text.stdio_uart_init_full
                0x100053a4       0x44 CMakeFiles/pill_dispenser.dir/C_/VSARM/sdk/pico/pico-sdk/src/rp2_common/pico_stdio_uart/stdio_uart.c.obj
                0x100053a4                stdio_uart_init_full
 .text.stdio_uart_init
                0x100053e8       0x28 CMakeFiles/pill_dispenser.dir/C_/VSARM/sdk/pico/pico-sdk/src/rp2_common/pico_stdio_uart/stdio_uart.c.obj
                0x100053e8                stdio_uart_init
 .text.i2c_write_blocking_internal
                0x10005410      0x140 CMakeFiles/pill_dispenser.dir/C_/VSARM/sdk/pico/pico-sdk/src/rp2_common/hardware_i2c/i2c.c.obj
 .text.i2c_read_blocking_internal
                0x10005550       0xea CMakeFiles/pill_dispenser.dir/C_/VSARM/sdk/pico/pico-sdk/src/rp2_common/hardware_i2c/i2c.c.obj
 *fill*         0x1000563a        0x2 
 .text.i2c_set_baudrate
                0x1000563c       0xf0 CMakeFiles/pill_dispenser.dir/C_/VSARM/sdk/pico/pico-sdk/src/rp2_common/hardware_i2c/i2c.c.obj
                0x1000563c                i2c_set_baudrate
 .text.i2c_init
                0x1000572c       0x58 CMakeFiles/pill_dispenser.dir/C_/VSARM/sdk/pico/pico-sdk/src/rp2_common/hardware_i2c/i2c.c.obj
                0x1000572c                i2c_init
 .text.i2c_write_blocking
                0x10005784       0x18 CMakeFiles/pill_dispenser.dir/C_/VSARM/sdk/pico/pico-sdk/src/rp2_common/hardware_i2c/i2c.c.obj
                0x10005784                i2c_write_blocking
 .text.i2c_read_blocking
                0x1000579c       0x18 CMakeFiles/pill_dispenser.dir/C_/VSARM/sdk/pico/pico-sdk/src/rp2_common/hardware_i2c/i2c.c.obj
                0x1000579c                i2c_read_blocking
 .text._calloc_r
                0x100057b4       0x9c c:/vsarm/armcc/112202~1.02/bin/../lib/gcc/arm-none-eabi/11.2.1/thumb/v6-m/nofp\libg.a(lib_a-callocr.o)
                0x100057b4                _calloc_r
 .text.__errno  0x10005850        0xc c:/vsarm/armcc/112202~1.02/bin/../lib/gcc/arm-none-eabi/11.2.1/thumb/v6-m/nofp\libg.a(lib_a-errno.o)
                0x10005850                __errno
 .text.fprintf  0x1000585c       0x24 c:/vsarm/armcc/112202~1.02/bin/../lib/gcc/arm-none-eabi/11.2.1/thumb/v6-m/nofp\libg.a(lib_a-fprintf.o)
                0x1000585c                fprintf
 .text._malloc_r
                0x10005880      0x57c c:/vsarm/armcc/112202~1.02/bin/../lib/gcc/arm-none-eabi/11.2.1/thumb/v6-m/nofp\libg.a(lib_a-mallocr.o)
                0x10005880                _malloc_r
 .text.__malloc_lock
                0x10005dfc        0x4 c:/vsarm/armcc/112202~1.02/bin/../lib/gcc/arm-none-eabi/11.2.1/thumb/v6-m/nofp\libg.a(lib_a-mlock.o)
                0x10005dfc                __malloc_lock
 .text.__malloc_unlock
                0x10005e00        0x4 c:/vsarm/armcc/112202~1.02/bin/../lib/gcc/arm-none-eabi/11.2.1/thumb/v6-m/nofp\libg.a(lib_a-mlock.o)
                0x10005e00                __malloc_unlock
 .text._realloc_r
                0x10005e04      0x368 c:/vsarm/armcc/112202~1.02/bin/../lib/gcc/arm-none-eabi/11.2.1/thumb/v6-m/nofp\libg.a(lib_a-reallocr.o)
                0x10005e04                _realloc_r
 .text._sbrk_r  0x1000616c       0x24 c:/vsarm/armcc/112202~1.02/bin/../lib/gcc/arm-none-eabi/11.2.1/thumb/v6-m/nofp\libg.a(lib_a-sbrkr.o)
                0x1000616c                _sbrk_r
 .text          0x10006190       0x88 c:/vsarm/armcc/112202~1.02/bin/../lib/gcc/arm-none-eabi/11.2.1/thumb/v6-m/nofp\libg.a(lib_a-strcmp.o)
                0x10006190                strcmp
 .text.strcpy   0x10006218       0x10 c:/vsarm/armcc/112202~1.02/bin/../lib/gcc/arm-none-eabi/11.2.1/thumb/v6-m/nofp\libg.a(lib_a-strcpy.o)
                0x10006218                strcpy
 .text.strlen   0x10006228       0x5c c:/vsarm/armcc/112202~1.02/bin/../lib/gcc/arm-none-eabi/11.2.1/thumb/v6-m/nofp\libg.a(lib_a-strlen-stub.o)
                0x10006228                strlen
 .text.strncat  0x10006284       0x64 c:/vsarm/armcc/112202~1.02/bin/../lib/gcc/arm-none-eabi/11.2.1/thumb/v6-m/nofp\libg.a(lib_a-strncat.o)
                0x10006284                strncat
 .text._vfprintf_r
                0x100062e8     0x1d28 c:/vsarm/armcc/112202~1.02/bin/../lib/gcc/arm-none-eabi/11.2.1/thumb/v6-m/nofp\libg.a(lib_a-vfprintf.o)
                0x100062e8                _vfprintf_r
 .text.__sbprintf
                0x10008010       0x74 c:/vsarm/armcc/112202~1.02/bin/../lib/gcc/arm-none-eabi/11.2.1/thumb/v6-m/nofp\libg.a(lib_a-vfprintf.o)
 .text._wcrtomb_r
                0x10008084       0x50 c:/vsarm/armcc/112202~1.02/bin/../lib/gcc/arm-none-eabi/11.2.1/thumb/v6-m/nofp\libg.a(lib_a-wcrtomb.o)
                0x10008084                _wcrtomb_r
 .text._wcsrtombs_r
                0x100080d4       0x18 c:/vsarm/armcc/112202~1.02/bin/../lib/gcc/arm-none-eabi/11.2.1/thumb/v6-m/nofp\libg.a(lib_a-wcsrtombs.o)
                0x100080d4                _wcsrtombs_r
 .text.__swsetup_r
                0x100080ec       0xdc c:/vsarm/armcc/112202~1.02/bin/../lib/gcc/arm-none-eabi/11.2.1/thumb/v6-m/nofp\libg.a(lib_a-wsetup.o)
                0x100080ec                __swsetup_r
 .text.quorem   0x100081c8      0x144 c:/vsarm/armcc/112202~1.02/bin/../lib/gcc/arm-none-eabi/11.2.1/thumb/v6-m/nofp\libg.a(lib_a-dtoa.o)
 .text._dtoa_r  0x1000830c      0xf98 c:/vsarm/armcc/112202~1.02/bin/../lib/gcc/arm-none-eabi/11.2.1/thumb/v6-m/nofp\libg.a(lib_a-dtoa.o)
                0x1000830c                _dtoa_r
 .text.__sflush_r
                0x100092a4      0x134 c:/vsarm/armcc/112202~1.02/bin/../lib/gcc/arm-none-eabi/11.2.1/thumb/v6-m/nofp\libg.a(lib_a-fflush.o)
                0x100092a4                __sflush_r
 .text._fflush_r
                0x100093d8       0x2c c:/vsarm/armcc/112202~1.02/bin/../lib/gcc/arm-none-eabi/11.2.1/thumb/v6-m/nofp\libg.a(lib_a-fflush.o)
                0x100093d8                _fflush_r
 .text._cleanup_r
                0x10009404       0x10 c:/vsarm/armcc/112202~1.02/bin/../lib/gcc/arm-none-eabi/11.2.1/thumb/v6-m/nofp\libg.a(lib_a-findfp.o)
                0x10009404                _cleanup_r
 .text.__sinit.part.0
                0x10009414       0xe8 c:/vsarm/armcc/112202~1.02/bin/../lib/gcc/arm-none-eabi/11.2.1/thumb/v6-m/nofp\libg.a(lib_a-findfp.o)
 .text.__sinit  0x100094fc       0x10 c:/vsarm/armcc/112202~1.02/bin/../lib/gcc/arm-none-eabi/11.2.1/thumb/v6-m/nofp\libg.a(lib_a-findfp.o)
                0x100094fc                __sinit
 .text.__sfp_lock_acquire
                0x1000950c        0x4 c:/vsarm/armcc/112202~1.02/bin/../lib/gcc/arm-none-eabi/11.2.1/thumb/v6-m/nofp\libg.a(lib_a-findfp.o)
                0x1000950c                __sfp_lock_acquire
 .text.__sfp_lock_release
                0x10009510        0x4 c:/vsarm/armcc/112202~1.02/bin/../lib/gcc/arm-none-eabi/11.2.1/thumb/v6-m/nofp\libg.a(lib_a-findfp.o)
                0x10009510                __sfp_lock_release
 .text._malloc_trim_r
                0x10009514       0x9c c:/vsarm/armcc/112202~1.02/bin/../lib/gcc/arm-none-eabi/11.2.1/thumb/v6-m/nofp\libg.a(lib_a-freer.o)
                0x10009514                _malloc_trim_r
 .text._free_r  0x100095b0      0x1bc c:/vsarm/armcc/112202~1.02/bin/../lib/gcc/arm-none-eabi/11.2.1/thumb/v6-m/nofp\libg.a(lib_a-freer.o)
                0x100095b0                _free_r
 .text._fwalk_reent
                0x1000976c       0x48 c:/vsarm/armcc/112202~1.02/bin/../lib/gcc/arm-none-eabi/11.2.1/thumb/v6-m/nofp\libg.a(lib_a-fwalk.o)
                0x1000976c                _fwalk_reent
 .text._localeconv_r
                0x100097b4        0x8 c:/vsarm/armcc/112202~1.02/bin/../lib/gcc/arm-none-eabi/11.2.1/thumb/v6-m/nofp\libg.a(lib_a-localeconv.o)
                0x100097b4                _localeconv_r
 .text.__locale_mb_cur_max
                0x100097bc       0x10 c:/vsarm/armcc/112202~1.02/bin/../lib/gcc/arm-none-eabi/11.2.1/thumb/v6-m/nofp\libg.a(lib_a-locale.o)
                0x100097bc                __locale_mb_cur_max
 .text.__smakebuf_r
                0x100097cc       0xe4 c:/vsarm/armcc/112202~1.02/bin/../lib/gcc/arm-none-eabi/11.2.1/thumb/v6-m/nofp\libg.a(lib_a-makebuf.o)
                0x100097cc                __smakebuf_r
 .text.__ascii_mbtowc
                0x100098b0       0x2c c:/vsarm/armcc/112202~1.02/bin/../lib/gcc/arm-none-eabi/11.2.1/thumb/v6-m/nofp\libg.a(lib_a-mbtowc_r.o)
                0x100098b0                __ascii_mbtowc
 .text.memchr   0x100098dc       0x74 c:/vsarm/armcc/112202~1.02/bin/../lib/gcc/arm-none-eabi/11.2.1/thumb/v6-m/nofp\libg.a(lib_a-memchr-stub.o)
                0x100098dc                memchr
 .text.memmove  0x10009950       0xac c:/vsarm/armcc/112202~1.02/bin/../lib/gcc/arm-none-eabi/11.2.1/thumb/v6-m/nofp\libg.a(lib_a-memmove.o)
                0x10009950                memmove
 .text._Balloc  0x100099fc       0x50 c:/vsarm/armcc/112202~1.02/bin/../lib/gcc/arm-none-eabi/11.2.1/thumb/v6-m/nofp\libg.a(lib_a-mprec.o)
                0x100099fc                _Balloc
 .text._Bfree   0x10009a4c       0x14 c:/vsarm/armcc/112202~1.02/bin/../lib/gcc/arm-none-eabi/11.2.1/thumb/v6-m/nofp\libg.a(lib_a-mprec.o)
                0x10009a4c                _Bfree
 .text.__multadd
                0x10009a60       0xa8 c:/vsarm/armcc/112202~1.02/bin/../lib/gcc/arm-none-eabi/11.2.1/thumb/v6-m/nofp\libg.a(lib_a-mprec.o)
                0x10009a60                __multadd
 .text.__hi0bits
                0x10009b08       0x38 c:/vsarm/armcc/112202~1.02/bin/../lib/gcc/arm-none-eabi/11.2.1/thumb/v6-m/nofp\libg.a(lib_a-mprec.o)
                0x10009b08                __hi0bits
 .text.__lo0bits
                0x10009b40       0x5c c:/vsarm/armcc/112202~1.02/bin/../lib/gcc/arm-none-eabi/11.2.1/thumb/v6-m/nofp\libg.a(lib_a-mprec.o)
                0x10009b40                __lo0bits
 .text.__i2b    0x10009b9c       0x60 c:/vsarm/armcc/112202~1.02/bin/../lib/gcc/arm-none-eabi/11.2.1/thumb/v6-m/nofp\libg.a(lib_a-mprec.o)
                0x10009b9c                __i2b
 .text.__multiply
                0x10009bfc      0x1a4 c:/vsarm/armcc/112202~1.02/bin/../lib/gcc/arm-none-eabi/11.2.1/thumb/v6-m/nofp\libg.a(lib_a-mprec.o)
                0x10009bfc                __multiply
 .text.__pow5mult
                0x10009da0       0xd4 c:/vsarm/armcc/112202~1.02/bin/../lib/gcc/arm-none-eabi/11.2.1/thumb/v6-m/nofp\libg.a(lib_a-mprec.o)
                0x10009da0                __pow5mult
 .text.__lshift
                0x10009e74      0x100 c:/vsarm/armcc/112202~1.02/bin/../lib/gcc/arm-none-eabi/11.2.1/thumb/v6-m/nofp\libg.a(lib_a-mprec.o)
                0x10009e74                __lshift
 .text.__mcmp   0x10009f74       0x34 c:/vsarm/armcc/112202~1.02/bin/../lib/gcc/arm-none-eabi/11.2.1/thumb/v6-m/nofp\libg.a(lib_a-mprec.o)
                0x10009f74                __mcmp
 .text.__mdiff  0x10009fa8      0x194 c:/vsarm/armcc/112202~1.02/bin/../lib/gcc/arm-none-eabi/11.2.1/thumb/v6-m/nofp\libg.a(lib_a-mprec.o)
                0x10009fa8                __mdiff
 .text.__d2b    0x1000a13c       0xd0 c:/vsarm/armcc/112202~1.02/bin/../lib/gcc/arm-none-eabi/11.2.1/thumb/v6-m/nofp\libg.a(lib_a-mprec.o)
                0x1000a13c                __d2b
 .text.frexp    0x1000a20c       0x64 c:/vsarm/armcc/112202~1.02/bin/../lib/gcc/arm-none-eabi/11.2.1/thumb/v6-m/nofp\libg.a(lib_a-s_frexp.o)
                0x1000a20c                frexp
 .text.__sread  0x1000a270       0x28 c:/vsarm/armcc/112202~1.02/bin/../lib/gcc/arm-none-eabi/11.2.1/thumb/v6-m/nofp\libg.a(lib_a-stdio.o)
                0x1000a270                __sread
 .text.__swrite
                0x1000a298       0x40 c:/vsarm/armcc/112202~1.02/bin/../lib/gcc/arm-none-eabi/11.2.1/thumb/v6-m/nofp\libg.a(lib_a-stdio.o)
                0x1000a298                __swrite
 .text.__sseek  0x1000a2d8       0x2c c:/vsarm/armcc/112202~1.02/bin/../lib/gcc/arm-none-eabi/11.2.1/thumb/v6-m/nofp\libg.a(lib_a-stdio.o)
                0x1000a2d8                __sseek
 .text.__sclose
                0x1000a304        0xc c:/vsarm/armcc/112202~1.02/bin/../lib/gcc/arm-none-eabi/11.2.1/thumb/v6-m/nofp\libg.a(lib_a-stdio.o)
                0x1000a304                __sclose
 .text.strncpy  0x1000a310       0x6c c:/vsarm/armcc/112202~1.02/bin/../lib/gcc/arm-none-eabi/11.2.1/thumb/v6-m/nofp\libg.a(lib_a-strncpy.o)
                0x1000a310                strncpy
 .text.__sprint_r.part.0
                0x1000a37c       0x88 c:/vsarm/armcc/112202~1.02/bin/../lib/gcc/arm-none-eabi/11.2.1/thumb/v6-m/nofp\libg.a(lib_a-vfiprintf.o)
 .text.__sprint_r
                0x1000a404       0x14 c:/vsarm/armcc/112202~1.02/bin/../lib/gcc/arm-none-eabi/11.2.1/thumb/v6-m/nofp\libg.a(lib_a-vfiprintf.o)
                0x1000a404                __sprint_r
 .text._wcsnrtombs_l
                0x1000a418      0x108 c:/vsarm/armcc/112202~1.02/bin/../lib/gcc/arm-none-eabi/11.2.1/thumb/v6-m/nofp\libg.a(lib_a-wcsnrtombs.o)
                0x1000a418                _wcsnrtombs_l
 .text._wcsnrtombs_r
                0x1000a520       0x24 c:/vsarm/armcc/112202~1.02/bin/../lib/gcc/arm-none-eabi/11.2.1/thumb/v6-m/nofp\libg.a(lib_a-wcsnrtombs.o)
                0x1000a520                _wcsnrtombs_r
 .text.__ascii_wctomb
                0x1000a544       0x1c c:/vsarm/armcc/112202~1.02/bin/../lib/gcc/arm-none-eabi/11.2.1/thumb/v6-m/nofp\libg.a(lib_a-wctomb_r.o)
                0x1000a544                __ascii_wctomb
 .text._write_r
                0x1000a560       0x28 c:/vsarm/armcc/112202~1.02/bin/../lib/gcc/arm-none-eabi/11.2.1/thumb/v6-m/nofp\libg.a(lib_a-writer.o)
                0x1000a560                _write_r
 .text._close_r
                0x1000a588       0x24 c:/vsarm/armcc/112202~1.02/bin/../lib/gcc/arm-none-eabi/11.2.1/thumb/v6-m/nofp\libg.a(lib_a-closer.o)
                0x1000a588                _close_r
 .text._fclose_r
                0x1000a5ac       0x98 c:/vsarm/armcc/112202~1.02/bin/../lib/gcc/arm-none-eabi/11.2.1/thumb/v6-m/nofp\libg.a(lib_a-fclose.o)
                0x1000a5ac                _fclose_r
 .text.__fputwc
                0x1000a644       0x98 c:/vsarm/armcc/112202~1.02/bin/../lib/gcc/arm-none-eabi/11.2.1/thumb/v6-m/nofp\libg.a(lib_a-fputwc.o)
                0x1000a644                __fputwc
 .text._fputwc_r
                0x1000a6dc       0x20 c:/vsarm/armcc/112202~1.02/bin/../lib/gcc/arm-none-eabi/11.2.1/thumb/v6-m/nofp\libg.a(lib_a-fputwc.o)
                0x1000a6dc                _fputwc_r
 .text._fstat_r
                0x1000a6fc       0x28 c:/vsarm/armcc/112202~1.02/bin/../lib/gcc/arm-none-eabi/11.2.1/thumb/v6-m/nofp\libg.a(lib_a-fstatr.o)
                0x1000a6fc                _fstat_r
 .text.__sfvwrite_r
                0x1000a724      0x2f4 c:/vsarm/armcc/112202~1.02/bin/../lib/gcc/arm-none-eabi/11.2.1/thumb/v6-m/nofp\libg.a(lib_a-fvwrite.o)
                0x1000a724                __sfvwrite_r
 .text._isatty_r
                0x1000aa18       0x24 c:/vsarm/armcc/112202~1.02/bin/../lib/gcc/arm-none-eabi/11.2.1/thumb/v6-m/nofp\libg.a(lib_a-isattyr.o)
                0x1000aa18                _isatty_r
 .text._lseek_r
                0x1000aa3c       0x28 c:/vsarm/armcc/112202~1.02/bin/../lib/gcc/arm-none-eabi/11.2.1/thumb/v6-m/nofp\libg.a(lib_a-lseekr.o)
                0x1000aa3c                _lseek_r
 .text._read_r  0x1000aa64       0x28 c:/vsarm/armcc/112202~1.02/bin/../lib/gcc/arm-none-eabi/11.2.1/thumb/v6-m/nofp\libg.a(lib_a-readr.o)
                0x1000aa64                _read_r
 .text.__swbuf_r
                0x1000aa8c       0xc8 c:/vsarm/armcc/112202~1.02/bin/../lib/gcc/arm-none-eabi/11.2.1/thumb/v6-m/nofp\libg.a(lib_a-wbuf.o)
                0x1000aa8c                __swbuf_r
 *(.fini)
 .fini          0x1000ab54        0x4 c:/vsarm/armcc/112202~1.02/bin/../lib/gcc/arm-none-eabi/11.2.1/thumb/v6-m/nofp/crti.o
                0x1000ab54                _fini
 .fini.__stub   0x1000ab58       0x40 linker stubs
 *crtbegin.o(.ctors)
 *crtbegin?.o(.ctors)
 *(EXCLUDE_FILE(*crtend.o *crtend?.o) .ctors)
 *(SORT_BY_NAME(.ctors.*))
 *(.ctors)
 *crtbegin.o(.dtors)
 *crtbegin?.o(.dtors)
 *(EXCLUDE_FILE(*crtend.o *crtend?.o) .dtors)
 *(SORT_BY_NAME(.dtors.*))
 *(.dtors)
 *(.eh_frame*)
 .eh_frame      0x1000ab98        0x0 c:/vsarm/armcc/112202~1.02/bin/../lib/gcc/arm-none-eabi/11.2.1/thumb/v6-m/nofp/crtbegin.o
                0x1000ab98                . = ALIGN (0x4)

.glue_7         0x1000ab98        0x0
 .glue_7        0x1000ab98        0x0 linker stubs

.glue_7t        0x1000ab98        0x0
 .glue_7t       0x1000ab98        0x0 linker stubs

.vfp11_veneer   0x1000ab98        0x0
 .vfp11_veneer  0x1000ab98        0x0 linker stubs

.v4_bx          0x1000ab98        0x0
 .v4_bx         0x1000ab98        0x0 linker stubs

.iplt           0x1000ab98        0x0
 .iplt          0x1000ab98        0x0 c:/vsarm/armcc/112202~1.02/bin/../lib/gcc/arm-none-eabi/11.2.1/thumb/v6-m/nofp/crtbegin.o

.rodata         0x1000ab98     0x1b3c
 *(EXCLUDE_FILE(*libm.a: *libc.a:*lib_a-mem*.o *libgcc.a:) .rodata*)
 .rodata.opto_flag_state.str1.4
                0x1000ab98       0x13 CMakeFiles/pill_dispenser.dir/opto-fork/opto.c.obj
 *fill*         0x1000abab        0x1 
 .rodata.coils  0x1000abac       0x20 CMakeFiles/pill_dispenser.dir/stepper/stepper.c.obj
 .rodata.step_masks
                0x1000abcc        0x8 CMakeFiles/pill_dispenser.dir/stepper/stepper.c.obj
 .rodata.logf_msg.str1.4
                0x1000abd4       0x12 CMakeFiles/pill_dispenser.dir/operation/operation.c.obj
 *fill*         0x1000abe6        0x2 
 .rodata.str1.4
                0x1000abe8      0x1dd CMakeFiles/pill_dispenser.dir/operation/operation.c.obj
 *fill*         0x1000adc5        0x3 
 .rodata.log_format
                0x1000adc8       0xd0 CMakeFiles/pill_dispenser.dir/operation/operation.c.obj
 .rodata.start_lora.str1.4
                0x1000ae98       0x3d CMakeFiles/pill_dispenser.dir/Lora/Lora.c.obj
 *fill*         0x1000aed5        0x3 
 .rodata.get_cmd_rps.str1.4
                0x1000aed8        0xf CMakeFiles/pill_dispenser.dir/Lora/Lora.c.obj
 *fill*         0x1000aee7        0x1 
 .rodata.connect_network.str1.4
                0x1000aee8       0x55 CMakeFiles/pill_dispenser.dir/Lora/Lora.c.obj
 *fill*         0x1000af3d        0x3 
 .rodata.send_msg_to_Lora.str1.4
                0x1000af40        0xe CMakeFiles/pill_dispenser.dir/Lora/Lora.c.obj
 *fill*         0x1000af4e        0x2 
 .rodata.str1.4
                0x1000af50      0x132 CMakeFiles/pill_dispenser.dir/Lora/Lora.c.obj
 *fill*         0x1000b082        0x2 
 .rodata.commands
                0x1000b084       0x1c CMakeFiles/pill_dispenser.dir/Lora/Lora.c.obj
 .rodata.fail_rsp
                0x1000b0a0       0x1c CMakeFiles/pill_dispenser.dir/Lora/Lora.c.obj
 .rodata.succ_rsp
                0x1000b0bc       0x1c CMakeFiles/pill_dispenser.dir/Lora/Lora.c.obj
 .rodata.read_log_entry.str1.4
                0x1000b0d8       0x5a CMakeFiles/pill_dispenser.dir/eeprom/eeprom.c.obj
 *fill*         0x1000b132        0x2 
 .rodata.erase_logs.str1.4
                0x1000b134       0x35 CMakeFiles/pill_dispenser.dir/eeprom/eeprom.c.obj
                                 0x39 (size before relaxing)
 *fill*         0x1000b169        0x3 
 .rodata.write_log_entry.str1.4
                0x1000b16c       0x39 CMakeFiles/pill_dispenser.dir/eeprom/eeprom.c.obj
 *fill*         0x1000b1a5        0x3 
 .rodata.make_branch.str1.4
                0x1000b1a8       0x6d CMakeFiles/pill_dispenser.dir/C_/VSARM/sdk/pico/pico-sdk/src/rp2_common/hardware_irq/irq.c.obj
 *fill*         0x1000b215        0x3 
 .rodata.insert_branch_and_link.str1.4
                0x1000b218       0x10 CMakeFiles/pill_dispenser.dir/C_/VSARM/sdk/pico/pico-sdk/src/rp2_common/hardware_irq/irq.c.obj
 .rodata.irq_set_exclusive_handler.str1.4
                0x1000b228       0x36 CMakeFiles/pill_dispenser.dir/C_/VSARM/sdk/pico/pico-sdk/src/rp2_common/hardware_irq/irq.c.obj
 *fill*         0x1000b25e        0x2 
 .rodata.irq_add_shared_handler.str1.4
                0x1000b260       0xd9 CMakeFiles/pill_dispenser.dir/C_/VSARM/sdk/pico/pico-sdk/src/rp2_common/hardware_irq/irq.c.obj
 *fill*         0x1000b339        0x3 
 .rodata.irq_remove_handler.str1.4
                0x1000b33c       0x3a CMakeFiles/pill_dispenser.dir/C_/VSARM/sdk/pico/pico-sdk/src/rp2_common/hardware_irq/irq.c.obj
 *fill*         0x1000b376        0x2 
 .rodata.irq_add_tail_to_free_list.str1.4
                0x1000b378       0x3a CMakeFiles/pill_dispenser.dir/C_/VSARM/sdk/pico/pico-sdk/src/rp2_common/hardware_irq/irq.c.obj
 *fill*         0x1000b3b2        0x2 
 .rodata.__func__.0
                0x1000b3b4       0x1a CMakeFiles/pill_dispenser.dir/C_/VSARM/sdk/pico/pico-sdk/src/rp2_common/hardware_irq/irq.c.obj
 *fill*         0x1000b3ce        0x2 
 .rodata.__func__.1
                0x1000b3d0       0x17 CMakeFiles/pill_dispenser.dir/C_/VSARM/sdk/pico/pico-sdk/src/rp2_common/hardware_irq/irq.c.obj
 *fill*         0x1000b3e7        0x1 
 .rodata.__func__.2
                0x1000b3e8       0x13 CMakeFiles/pill_dispenser.dir/C_/VSARM/sdk/pico/pico-sdk/src/rp2_common/hardware_irq/irq.c.obj
 *fill*         0x1000b3fb        0x1 
 .rodata.__func__.3
                0x1000b3fc        0xc CMakeFiles/pill_dispenser.dir/C_/VSARM/sdk/pico/pico-sdk/src/rp2_common/hardware_irq/irq.c.obj
 .rodata.__func__.4
                0x1000b408        0xf CMakeFiles/pill_dispenser.dir/C_/VSARM/sdk/pico/pico-sdk/src/rp2_common/hardware_irq/irq.c.obj
 *fill*         0x1000b417        0x1 
 .rodata.__func__.5
                0x1000b418       0x17 CMakeFiles/pill_dispenser.dir/C_/VSARM/sdk/pico/pico-sdk/src/rp2_common/hardware_irq/irq.c.obj
 *fill*         0x1000b42f        0x1 
 .rodata.__func__.6
                0x1000b430       0x1a CMakeFiles/pill_dispenser.dir/C_/VSARM/sdk/pico/pico-sdk/src/rp2_common/hardware_irq/irq.c.obj
 *fill*         0x1000b44a        0x2 
 .rodata.str1.4
                0x1000b44c       0xed CMakeFiles/pill_dispenser.dir/C_/VSARM/sdk/pico/pico-sdk/src/common/pico_sync/mutex.c.obj
 *fill*         0x1000b539        0x3 
 .rodata.__func__.1
                0x1000b53c        0xb CMakeFiles/pill_dispenser.dir/C_/VSARM/sdk/pico/pico-sdk/src/common/pico_sync/mutex.c.obj
 *fill*         0x1000b547        0x1 
 .rodata.__func__.3
                0x1000b548       0x18 CMakeFiles/pill_dispenser.dir/C_/VSARM/sdk/pico/pico-sdk/src/common/pico_sync/mutex.c.obj
 .rodata.repeating_timer_callback.str1.4
                0x1000b560       0x4b CMakeFiles/pill_dispenser.dir/C_/VSARM/sdk/pico/pico-sdk/src/common/pico_time/time.c.obj
 *fill*         0x1000b5ab        0x1 
 .rodata.timer_pool_entry_comparator.str1.4
                0x1000b5ac       0x22 CMakeFiles/pill_dispenser.dir/C_/VSARM/sdk/pico/pico-sdk/src/common/pico_time/time.c.obj
 *fill*         0x1000b5ce        0x2 
 .rodata.ph_add_child_node.str1.4
                0x1000b5d0       0x96 CMakeFiles/pill_dispenser.dir/C_/VSARM/sdk/pico/pico-sdk/src/common/pico_time/time.c.obj
 *fill*         0x1000b666        0x2 
 .rodata.add_alarm_under_lock.str1.4
                0x1000b668       0x28 CMakeFiles/pill_dispenser.dir/C_/VSARM/sdk/pico/pico-sdk/src/common/pico_time/time.c.obj
                                 0x2b (size before relaxing)
 .rodata.alarm_pool_alarm_callback.str1.4
                0x1000b690       0x98 CMakeFiles/pill_dispenser.dir/C_/VSARM/sdk/pico/pico-sdk/src/common/pico_time/time.c.obj
                                 0xfc (size before relaxing)
 .rodata.alarm_pool_get_default.str1.4
                0x1000b728       0x21 CMakeFiles/pill_dispenser.dir/C_/VSARM/sdk/pico/pico-sdk/src/common/pico_time/time.c.obj
 *fill*         0x1000b749        0x3 
 .rodata.alarm_pool_cancel_alarm.str1.4
                0x1000b74c       0x27 CMakeFiles/pill_dispenser.dir/C_/VSARM/sdk/pico/pico-sdk/src/common/pico_time/time.c.obj
 *fill*         0x1000b773        0x1 
 .rodata.sleep_until.str1.4
                0x1000b774       0x4d CMakeFiles/pill_dispenser.dir/C_/VSARM/sdk/pico/pico-sdk/src/common/pico_time/time.c.obj
 *fill*         0x1000b7c1        0x3 
 .rodata.__func__.1
                0x1000b7c4       0x18 CMakeFiles/pill_dispenser.dir/C_/VSARM/sdk/pico/pico-sdk/src/common/pico_time/time.c.obj
 .rodata.__func__.10
                0x1000b7dc       0x15 CMakeFiles/pill_dispenser.dir/C_/VSARM/sdk/pico/pico-sdk/src/common/pico_time/time.c.obj
 *fill*         0x1000b7f1        0x3 
 .rodata.__func__.11
                0x1000b7f4       0x1a CMakeFiles/pill_dispenser.dir/C_/VSARM/sdk/pico/pico-sdk/src/common/pico_time/time.c.obj
 *fill*         0x1000b80e        0x2 
 .rodata.__func__.12
                0x1000b810        0xa CMakeFiles/pill_dispenser.dir/C_/VSARM/sdk/pico/pico-sdk/src/common/pico_time/time.c.obj
 *fill*         0x1000b81a        0x2 
 .rodata.__func__.3
                0x1000b81c       0x17 CMakeFiles/pill_dispenser.dir/C_/VSARM/sdk/pico/pico-sdk/src/common/pico_time/time.c.obj
 *fill*         0x1000b833        0x1 
 .rodata.__func__.4
                0x1000b834       0x12 CMakeFiles/pill_dispenser.dir/C_/VSARM/sdk/pico/pico-sdk/src/common/pico_time/time.c.obj
 *fill*         0x1000b846        0x2 
 .rodata.__func__.5
                0x1000b848        0xd CMakeFiles/pill_dispenser.dir/C_/VSARM/sdk/pico/pico-sdk/src/common/pico_time/time.c.obj
 *fill*         0x1000b855        0x3 
 .rodata.__func__.6
                0x1000b858       0x12 CMakeFiles/pill_dispenser.dir/C_/VSARM/sdk/pico/pico-sdk/src/common/pico_time/time.c.obj
 *fill*         0x1000b86a        0x2 
 .rodata.__func__.7
                0x1000b86c        0xf CMakeFiles/pill_dispenser.dir/C_/VSARM/sdk/pico/pico-sdk/src/common/pico_time/time.c.obj
 *fill*         0x1000b87b        0x1 
 .rodata.__func__.8
                0x1000b87c        0xc CMakeFiles/pill_dispenser.dir/C_/VSARM/sdk/pico/pico-sdk/src/common/pico_time/time.c.obj
 .rodata.__func__.9
                0x1000b888       0x15 CMakeFiles/pill_dispenser.dir/C_/VSARM/sdk/pico/pico-sdk/src/common/pico_time/time.c.obj
 *fill*         0x1000b89d        0x3 
 .rodata.at_the_end_of_time
                0x1000b8a0        0x8 CMakeFiles/pill_dispenser.dir/C_/VSARM/sdk/pico/pico-sdk/src/common/pico_time/time.c.obj
                0x1000b8a0                at_the_end_of_time
 .rodata.hardware_alarm_claim.str1.4
                0x1000b8a8       0x22 CMakeFiles/pill_dispenser.dir/C_/VSARM/sdk/pico/pico-sdk/src/rp2_common/hardware_timer/timer.c.obj
 .rodata.busy_wait_us.str1.4
                0x1000b8ca       0x61 CMakeFiles/pill_dispenser.dir/C_/VSARM/sdk/pico/pico-sdk/src/rp2_common/hardware_timer/timer.c.obj
 *fill*         0x1000b8ca        0x2 
 .rodata.hardware_alarm_set_target.str1.4
                0x1000b8cc       0x65 CMakeFiles/pill_dispenser.dir/C_/VSARM/sdk/pico/pico-sdk/src/rp2_common/hardware_timer/timer.c.obj
 *fill*         0x1000b931        0x3 
 .rodata.__func__.0
                0x1000b934       0x1a CMakeFiles/pill_dispenser.dir/C_/VSARM/sdk/pico/pico-sdk/src/rp2_common/hardware_timer/timer.c.obj
 *fill*         0x1000b94e        0x2 
 .rodata.__func__.1
                0x1000b950       0x15 CMakeFiles/pill_dispenser.dir/C_/VSARM/sdk/pico/pico-sdk/src/rp2_common/hardware_timer/timer.c.obj
 .rodata.ph_add_child_node.str1.4
                0x1000b965       0x96 CMakeFiles/pill_dispenser.dir/C_/VSARM/sdk/pico/pico-sdk/src/common/pico_util/pheap.c.obj
 *fill*         0x1000b965        0x3 
 .rodata.ph_remove_any_head.str1.4
                0x1000b968       0x8c CMakeFiles/pill_dispenser.dir/C_/VSARM/sdk/pico/pico-sdk/src/common/pico_util/pheap.c.obj
                                 0xa0 (size before relaxing)
 .rodata.ph_remove_and_free_node.str1.4
                0x1000b9f4       0x1e CMakeFiles/pill_dispenser.dir/C_/VSARM/sdk/pico/pico-sdk/src/common/pico_util/pheap.c.obj
                                 0x26 (size before relaxing)
 *fill*         0x1000ba12        0x2 
 .rodata.__func__.0
                0x1000ba14       0x18 CMakeFiles/pill_dispenser.dir/C_/VSARM/sdk/pico/pico-sdk/src/common/pico_util/pheap.c.obj
 .rodata.__func__.1
                0x1000ba2c       0x13 CMakeFiles/pill_dispenser.dir/C_/VSARM/sdk/pico/pico-sdk/src/common/pico_util/pheap.c.obj
 *fill*         0x1000ba3f        0x1 
 .rodata.__func__.2
                0x1000ba40       0x12 CMakeFiles/pill_dispenser.dir/C_/VSARM/sdk/pico/pico-sdk/src/common/pico_util/pheap.c.obj
 *fill*         0x1000ba52        0x2 
 .rodata.__func__.3
                0x1000ba54        0xc CMakeFiles/pill_dispenser.dir/C_/VSARM/sdk/pico/pico-sdk/src/common/pico_util/pheap.c.obj
 .rodata.clock_configure.str1.4
                0x1000ba60       0x57 CMakeFiles/pill_dispenser.dir/C_/VSARM/sdk/pico/pico-sdk/src/rp2_common/hardware_clocks/clocks.c.obj
 *fill*         0x1000bab7        0x1 
 .rodata.__func__.1
                0x1000bab8       0x10 CMakeFiles/pill_dispenser.dir/C_/VSARM/sdk/pico/pico-sdk/src/rp2_common/hardware_clocks/clocks.c.obj
 .rodata.pll_init.str1.4
                0x1000bac8      0x124 CMakeFiles/pill_dispenser.dir/C_/VSARM/sdk/pico/pico-sdk/src/rp2_common/hardware_pll/pll.c.obj
 .rodata.__func__.0
                0x1000bbec        0x9 CMakeFiles/pill_dispenser.dir/C_/VSARM/sdk/pico/pico-sdk/src/rp2_common/hardware_pll/pll.c.obj
 *fill*         0x1000bbf5        0x3 
 .rodata.__assert_func.str1.4
                0x1000bbf8       0x3f CMakeFiles/pill_dispenser.dir/C_/VSARM/sdk/pico/pico-sdk/src/rp2_common/pico_runtime/runtime.c.obj
                                 0x43 (size before relaxing)
 *fill*         0x1000bc37        0x1 
 .rodata.runtime_init.str1.4
                0x1000bc38       0x61 CMakeFiles/pill_dispenser.dir/C_/VSARM/sdk/pico/pico-sdk/src/rp2_common/pico_runtime/runtime.c.obj
 *fill*         0x1000bc99        0x3 
 .rodata.panic.str1.4
                0x1000bc9c       0x10 CMakeFiles/pill_dispenser.dir/C_/VSARM/sdk/pico/pico-sdk/src/rp2_common/pico_runtime/runtime.c.obj
                                 0x12 (size before relaxing)
 .rodata.__func__.2
                0x1000bcac        0xd CMakeFiles/pill_dispenser.dir/C_/VSARM/sdk/pico/pico-sdk/src/rp2_common/pico_runtime/runtime.c.obj
 *fill*         0x1000bcb9        0x3 
 .rodata._ftoa.str1.4
                0x1000bcbc       0x15 CMakeFiles/pill_dispenser.dir/C_/VSARM/sdk/pico/pico-sdk/src/rp2_common/pico_printf/printf.c.obj
 *fill*         0x1000bcd1        0x3 
 .rodata._vsnprintf
                0x1000bcd4      0x19c CMakeFiles/pill_dispenser.dir/C_/VSARM/sdk/pico/pico-sdk/src/rp2_common/pico_printf/printf.c.obj
 .rodata.pow10.0
                0x1000be70       0x50 CMakeFiles/pill_dispenser.dir/C_/VSARM/sdk/pico/pico-sdk/src/rp2_common/pico_printf/printf.c.obj
 .rodata.missing_double_func_shim.str1.4
                0x1000bec0       0x18 CMakeFiles/pill_dispenser.dir/C_/VSARM/sdk/pico/pico-sdk/src/rp2_common/pico_double/double_init_rom.c.obj
 .rodata.__aeabi_double_init.str1.4
                0x1000bed8       0x9c CMakeFiles/pill_dispenser.dir/C_/VSARM/sdk/pico/pico-sdk/src/rp2_common/pico_double/double_init_rom.c.obj
 .rodata.__func__.0
                0x1000bf74       0x14 CMakeFiles/pill_dispenser.dir/C_/VSARM/sdk/pico/pico-sdk/src/rp2_common/pico_double/double_init_rom.c.obj
 .rodata.missing_float_func_shim.str1.4
                0x1000bf88        0x1 CMakeFiles/pill_dispenser.dir/C_/VSARM/sdk/pico/pico-sdk/src/rp2_common/pico_float/float_init_rom.c.obj
 .rodata.__aeabi_float_init.str1.4
                0x1000bf88       0x7a CMakeFiles/pill_dispenser.dir/C_/VSARM/sdk/pico/pico-sdk/src/rp2_common/pico_float/float_init_rom.c.obj
 *fill*         0x1000c002        0x2 
 .rodata.__func__.0
                0x1000c004       0x13 CMakeFiles/pill_dispenser.dir/C_/VSARM/sdk/pico/pico-sdk/src/rp2_common/pico_float/float_init_rom.c.obj
 *fill*         0x1000c017        0x1 
 .rodata.str1.4
                0x1000c018       0x44 CMakeFiles/pill_dispenser.dir/C_/VSARM/sdk/pico/pico-sdk/src/rp2_common/pico_standard_link/binary_info.c.obj
 .rodata.__bi_44
                0x1000c05c        0xc CMakeFiles/pill_dispenser.dir/C_/VSARM/sdk/pico/pico-sdk/src/rp2_common/pico_standard_link/binary_info.c.obj
 .rodata.__bi_75
                0x1000c068        0xc CMakeFiles/pill_dispenser.dir/C_/VSARM/sdk/pico/pico-sdk/src/rp2_common/pico_standard_link/binary_info.c.obj
 .rodata.__bi_81
                0x1000c074        0xc CMakeFiles/pill_dispenser.dir/C_/VSARM/sdk/pico/pico-sdk/src/rp2_common/pico_standard_link/binary_info.c.obj
 .rodata.stdout_serialize_begin.str1.4
                0x1000c080       0x61 CMakeFiles/pill_dispenser.dir/C_/VSARM/sdk/pico/pico-sdk/src/rp2_common/pico_stdio/stdio.c.obj
 .rodata.__func__.3
                0x1000c080       0x15 CMakeFiles/pill_dispenser.dir/C_/VSARM/sdk/pico/pico-sdk/src/rp2_common/pico_stdio/stdio.c.obj
 *fill*         0x1000c095        0x3 
 .rodata.crlf_str.2
                0x1000c098        0x2 CMakeFiles/pill_dispenser.dir/C_/VSARM/sdk/pico/pico-sdk/src/rp2_common/pico_stdio/stdio.c.obj
 *fill*         0x1000c09a        0x2 
 .rodata.str1.4
                0x1000c09c       0x2c CMakeFiles/pill_dispenser.dir/C_/VSARM/sdk/pico/pico-sdk/src/rp2_common/pico_stdio_uart/stdio_uart.c.obj
 .rodata.__bi_33.4
                0x1000c0c8        0xc CMakeFiles/pill_dispenser.dir/C_/VSARM/sdk/pico/pico-sdk/src/rp2_common/pico_stdio_uart/stdio_uart.c.obj
 .rodata.__bi_34.5
                0x1000c0d4        0x8 CMakeFiles/pill_dispenser.dir/C_/VSARM/sdk/pico/pico-sdk/src/rp2_common/pico_stdio_uart/stdio_uart.c.obj
 .rodata.i2c_set_baudrate.str1.4
                0x1000c0dc       0x5d CMakeFiles/pill_dispenser.dir/C_/VSARM/sdk/pico/pico-sdk/src/rp2_common/hardware_i2c/i2c.c.obj
 *fill*         0x1000c139        0x3 
 .rodata.__func__.0
                0x1000c13c       0x11 CMakeFiles/pill_dispenser.dir/C_/VSARM/sdk/pico/pico-sdk/src/rp2_common/hardware_i2c/i2c.c.obj
 *fill*         0x1000c14d        0x3 
 .rodata._vfprintf_r.str1.4
                0x1000c150       0x3b c:/vsarm/armcc/112202~1.02/bin/../lib/gcc/arm-none-eabi/11.2.1/thumb/v6-m/nofp\libg.a(lib_a-vfprintf.o)
                                 0x42 (size before relaxing)
 *fill*         0x1000c18b        0x1 
 .rodata._vfprintf_r
                0x1000c18c      0x204 c:/vsarm/armcc/112202~1.02/bin/../lib/gcc/arm-none-eabi/11.2.1/thumb/v6-m/nofp\libg.a(lib_a-vfprintf.o)
 .rodata.blanks.1
                0x1000c390       0x10 c:/vsarm/armcc/112202~1.02/bin/../lib/gcc/arm-none-eabi/11.2.1/thumb/v6-m/nofp\libg.a(lib_a-vfprintf.o)
 .rodata.zeroes.0
                0x1000c3a0       0x10 c:/vsarm/armcc/112202~1.02/bin/../lib/gcc/arm-none-eabi/11.2.1/thumb/v6-m/nofp\libg.a(lib_a-vfprintf.o)
 .rodata._ctype_
                0x1000c3b0      0x101 c:/vsarm/armcc/112202~1.02/bin/../lib/gcc/arm-none-eabi/11.2.1/thumb/v6-m/nofp\libg.a(lib_a-ctype_.o)
                0x1000c3b0                _ctype_
 *fill*         0x1000c4b1        0x3 
 .rodata._dtoa_r.str1.4
                0x1000c4b4       0x7d c:/vsarm/armcc/112202~1.02/bin/../lib/gcc/arm-none-eabi/11.2.1/thumb/v6-m/nofp\libg.a(lib_a-dtoa.o)
                                 0x81 (size before relaxing)
 *fill*         0x1000c531        0x3 
 .rodata.str1.4
                0x1000c534       0x48 c:/vsarm/armcc/112202~1.02/bin/../lib/gcc/arm-none-eabi/11.2.1/thumb/v6-m/nofp\libg.a(lib_a-locale.o)
                                 0x4c (size before relaxing)
 .rodata.__multadd.str1.4
                0x1000c57c       0x5a c:/vsarm/armcc/112202~1.02/bin/../lib/gcc/arm-none-eabi/11.2.1/thumb/v6-m/nofp\libg.a(lib_a-mprec.o)
                                 0x6e (size before relaxing)
 *fill*         0x1000c5d6        0x2 
 .rodata.__mprec_bigtens
                0x1000c5d8       0x28 c:/vsarm/armcc/112202~1.02/bin/../lib/gcc/arm-none-eabi/11.2.1/thumb/v6-m/nofp\libg.a(lib_a-mprec.o)
                0x1000c5d8                __mprec_bigtens
 .rodata.__mprec_tens
                0x1000c600       0xc8 c:/vsarm/armcc/112202~1.02/bin/../lib/gcc/arm-none-eabi/11.2.1/thumb/v6-m/nofp\libg.a(lib_a-mprec.o)
                0x1000c600                __mprec_tens
 .rodata.p05.0  0x1000c6c8        0xc c:/vsarm/armcc/112202~1.02/bin/../lib/gcc/arm-none-eabi/11.2.1/thumb/v6-m/nofp\libg.a(lib_a-mprec.o)
                0x1000c6d4                . = ALIGN (0x4)
 *(SORT_BY_ALIGNMENT(SORT_BY_NAME(.flashdata*)))
                0x1000c6d4                . = ALIGN (0x4)

.ARM.extab
 *(.ARM.extab* .gnu.linkonce.armextab.*)
                0x1000c6d4                __exidx_start = .

.ARM.exidx
 *(.ARM.exidx* .gnu.linkonce.armexidx.*)
                0x1000c6d4                __exidx_end = .
                0x1000c6d4                . = ALIGN (0x4)
                0x1000c6d4                __binary_info_start = .

.binary_info    0x1000c6d4       0x24
 *(.binary_info.keep.*)
 .binary_info.keep.__bi_ptr22
                0x1000c6d4        0x4 CMakeFiles/pill_dispenser.dir/C_/VSARM/sdk/pico/pico-sdk/src/rp2_common/pico_standard_link/binary_info.c.obj
 .binary_info.keep.__bi_ptr30
                0x1000c6d8        0x4 CMakeFiles/pill_dispenser.dir/C_/VSARM/sdk/pico/pico-sdk/src/rp2_common/pico_standard_link/binary_info.c.obj
 .binary_info.keep.__bi_ptr38
                0x1000c6dc        0x4 CMakeFiles/pill_dispenser.dir/C_/VSARM/sdk/pico/pico-sdk/src/rp2_common/pico_standard_link/binary_info.c.obj
 .binary_info.keep.__bi_ptr44
                0x1000c6e0        0x4 CMakeFiles/pill_dispenser.dir/C_/VSARM/sdk/pico/pico-sdk/src/rp2_common/pico_standard_link/binary_info.c.obj
 .binary_info.keep.__bi_ptr50
                0x1000c6e4        0x4 CMakeFiles/pill_dispenser.dir/C_/VSARM/sdk/pico/pico-sdk/src/rp2_common/pico_standard_link/binary_info.c.obj
 .binary_info.keep.__bi_ptr75
                0x1000c6e8        0x4 CMakeFiles/pill_dispenser.dir/C_/VSARM/sdk/pico/pico-sdk/src/rp2_common/pico_standard_link/binary_info.c.obj
 .binary_info.keep.__bi_ptr81
                0x1000c6ec        0x4 CMakeFiles/pill_dispenser.dir/C_/VSARM/sdk/pico/pico-sdk/src/rp2_common/pico_standard_link/binary_info.c.obj
 *(.binary_info.*)
 .binary_info.__bi_ptr33
                0x1000c6f0        0x4 CMakeFiles/pill_dispenser.dir/C_/VSARM/sdk/pico/pico-sdk/src/rp2_common/pico_stdio_uart/stdio_uart.c.obj
 .binary_info.__bi_ptr34
                0x1000c6f4        0x4 CMakeFiles/pill_dispenser.dir/C_/VSARM/sdk/pico/pico-sdk/src/rp2_common/pico_stdio_uart/stdio_uart.c.obj
                0x1000c6f8                __binary_info_end = .

.rel.dyn        0x1000c6f8        0x0
 .rel.iplt      0x1000c6f8        0x0 c:/vsarm/armcc/112202~1.02/bin/../lib/gcc/arm-none-eabi/11.2.1/thumb/v6-m/nofp/crtbegin.o
                0x1000c6f8                . = ALIGN (0x4)

.ram_vector_table
                0x20000000       0xc0
 *(.ram_vector_table)
 .ram_vector_table
                0x20000000       0xc0 CMakeFiles/pill_dispenser.dir/C_/VSARM/sdk/pico/pico-sdk/src/rp2_common/pico_runtime/runtime.c.obj
                0x20000000                ram_vector_table

.data           0x200000c0      0xbf8 load address 0x1000c6f8
                0x200000c0                __data_start__ = .
 *(vtable)
 *(.time_critical*)
 .time_critical.mutex_try_enter
                0x200000c0       0x46 CMakeFiles/pill_dispenser.dir/C_/VSARM/sdk/pico/pico-sdk/src/common/pico_sync/mutex.c.obj
                0x200000c0                mutex_try_enter
 *fill*         0x20000106        0x2 
 .time_critical.mutex_enter_block_until
                0x20000108       0x8c CMakeFiles/pill_dispenser.dir/C_/VSARM/sdk/pico/pico-sdk/src/common/pico_sync/mutex.c.obj
                0x20000108                mutex_enter_block_until
 .time_critical.mutex_try_enter_block_until
                0x20000194       0x34 CMakeFiles/pill_dispenser.dir/C_/VSARM/sdk/pico/pico-sdk/src/common/pico_sync/mutex.c.obj
                0x20000194                mutex_try_enter_block_until
 .time_critical.mutex_exit
                0x200001c8       0x4c CMakeFiles/pill_dispenser.dir/C_/VSARM/sdk/pico/pico-sdk/src/common/pico_sync/mutex.c.obj
                0x200001c8                mutex_exit
 *(.text*)
 .text          0x20000214        0x4 c:/vsarm/armcc/112202~1.02/bin/../lib/gcc/arm-none-eabi/11.2.1/thumb/v6-m/nofp\libgcc.a(_dvmd_tls.o)
                0x20000214                __aeabi_idiv0
                0x20000214                __aeabi_ldiv0
 .text.__stub   0x20000218       0x20 linker stubs
                0x20000238                . = ALIGN (0x4)
 *(.rodata*)
                0x20000238                . = ALIGN (0x4)
 *(.data*)
 .data.striped_spin_lock_num
                0x20000238        0x1 CMakeFiles/pill_dispenser.dir/C_/VSARM/sdk/pico/pico-sdk/src/rp2_common/hardware_sync/sync.c.obj
 *fill*         0x20000239        0x3 
 .data          0x2000023c       0x48 CMakeFiles/pill_dispenser.dir/C_/VSARM/sdk/pico/pico-sdk/src/rp2_common/hardware_irq/irq_handler_chain.S.obj
                0x2000023c                irq_handler_chain_slots
                0x2000026c                irq_handler_chain_first_slot
                0x20000276                irq_handler_chain_remove_tail
 .data.default_alarm_pool
                0x20000284       0x18 CMakeFiles/pill_dispenser.dir/C_/VSARM/sdk/pico/pico-sdk/src/common/pico_time/time.c.obj
 .data.default_alarm_pool_heap
                0x2000029c       0x10 CMakeFiles/pill_dispenser.dir/C_/VSARM/sdk/pico/pico-sdk/src/common/pico_time/time.c.obj
 *fill*         0x200002ac        0x4 
 .data.aeabi_bits_funcs
                0x200002b0       0x10 CMakeFiles/pill_dispenser.dir/C_/VSARM/sdk/pico/pico-sdk/src/rp2_common/pico_bit_ops/bit_ops_aeabi.S.obj
                0x200002b0                aeabi_bits_funcs
                0x200002c0                aeabi_bits_funcs_end
 .data.aeabi_mem_funcs
                0x200002c0       0x10 CMakeFiles/pill_dispenser.dir/C_/VSARM/sdk/pico/pico-sdk/src/rp2_common/pico_mem_ops/mem_ops_aeabi.S.obj
                0x200002c0                aeabi_mem_funcs
                0x200002d0                aeabi_mem_funcs_end
 .data.stdio_uart
                0x200002d0       0x18 CMakeFiles/pill_dispenser.dir/C_/VSARM/sdk/pico/pico-sdk/src/rp2_common/pico_stdio_uart/stdio_uart.c.obj
                0x200002d0                stdio_uart
 .data.i2c0_inst
                0x200002e8        0x8 CMakeFiles/pill_dispenser.dir/C_/VSARM/sdk/pico/pico-sdk/src/rp2_common/hardware_i2c/i2c.c.obj
                0x200002e8                i2c0_inst
 .data._impure_ptr
                0x200002f0        0x4 c:/vsarm/armcc/112202~1.02/bin/../lib/gcc/arm-none-eabi/11.2.1/thumb/v6-m/nofp\libg.a(lib_a-impure.o)
                0x200002f0                _impure_ptr
 *fill*         0x200002f4        0x4 
 .data.impure_data
                0x200002f8      0x428 c:/vsarm/armcc/112202~1.02/bin/../lib/gcc/arm-none-eabi/11.2.1/thumb/v6-m/nofp\libg.a(lib_a-impure.o)
 .data.__malloc_av_
                0x20000720      0x408 c:/vsarm/armcc/112202~1.02/bin/../lib/gcc/arm-none-eabi/11.2.1/thumb/v6-m/nofp\libg.a(lib_a-mallocr.o)
                0x20000720                __malloc_av_
 .data.__malloc_sbrk_base
                0x20000b28        0x4 c:/vsarm/armcc/112202~1.02/bin/../lib/gcc/arm-none-eabi/11.2.1/thumb/v6-m/nofp\libg.a(lib_a-mallocr.o)
                0x20000b28                __malloc_sbrk_base
 .data.__malloc_trim_threshold
                0x20000b2c        0x4 c:/vsarm/armcc/112202~1.02/bin/../lib/gcc/arm-none-eabi/11.2.1/thumb/v6-m/nofp\libg.a(lib_a-mallocr.o)
                0x20000b2c                __malloc_trim_threshold
 .data.__global_locale
                0x20000b30      0x16c c:/vsarm/armcc/112202~1.02/bin/../lib/gcc/arm-none-eabi/11.2.1/thumb/v6-m/nofp\libg.a(lib_a-locale.o)
                0x20000b30                __global_locale
                0x20000c9c                . = ALIGN (0x4)
 *(.after_data.*)
                0x20000c9c                . = ALIGN (0x4)
                0x20000c9c                PROVIDE (__mutex_array_start = .)
 *(SORT_BY_NAME(.mutex_array.*))
 *(.mutex_array)
 .mutex_array   0x20000c9c        0x8 CMakeFiles/pill_dispenser.dir/C_/VSARM/sdk/pico/pico-sdk/src/rp2_common/pico_stdio/stdio.c.obj
                0x20000ca4                PROVIDE (__mutex_array_end = .)
                0x20000ca4                . = ALIGN (0x4)
                0x20000ca4                PROVIDE (__preinit_array_start = .)
 *(SORT_BY_NAME(.preinit_array.*))
 .preinit_array.00001
                0x20000ca4        0x4 CMakeFiles/pill_dispenser.dir/C_/VSARM/sdk/pico/pico-sdk/src/rp2_common/pico_mem_ops/mem_ops_aeabi.S.obj
 .preinit_array.00010
                0x20000ca8        0x4 CMakeFiles/pill_dispenser.dir/C_/VSARM/sdk/pico/pico-sdk/src/rp2_common/pico_bit_ops/bit_ops_aeabi.S.obj
 .preinit_array.00020
                0x20000cac        0x4 CMakeFiles/pill_dispenser.dir/C_/VSARM/sdk/pico/pico-sdk/src/rp2_common/pico_double/double_aeabi.S.obj
 .preinit_array.00020
                0x20000cb0        0x4 CMakeFiles/pill_dispenser.dir/C_/VSARM/sdk/pico/pico-sdk/src/rp2_common/pico_float/float_aeabi.S.obj
 *(.preinit_array)
                0x20000cb4                PROVIDE (__preinit_array_end = .)
                0x20000cb4                . = ALIGN (0x4)
                0x20000cb4                PROVIDE (__init_array_start = .)
 *(SORT_BY_NAME(.init_array.*))
 *(.init_array)
 .init_array    0x20000cb4        0x4 c:/vsarm/armcc/112202~1.02/bin/../lib/gcc/arm-none-eabi/11.2.1/thumb/v6-m/nofp/crtbegin.o
                0x20000cb8                PROVIDE (__init_array_end = .)
                0x20000cb8                . = ALIGN (0x4)
                [!provide]                PROVIDE (__fini_array_start = .)
 *(SORT_BY_NAME(.fini_array.*))
 *(.fini_array)
                [!provide]                PROVIDE (__fini_array_end = .)
 *(.jcr)
                0x20000cb8                . = ALIGN (0x4)
                0x20000cb8                __data_end__ = .
                0x1000c6f8                __etext = LOADADDR (.data)

.tm_clone_table
                0x20000cb8        0x0 load address 0x1000d2f0
 .tm_clone_table
                0x20000cb8        0x0 c:/vsarm/armcc/112202~1.02/bin/../lib/gcc/arm-none-eabi/11.2.1/thumb/v6-m/nofp/crtbegin.o
 .tm_clone_table
                0x20000cb8        0x0 c:/vsarm/armcc/112202~1.02/bin/../lib/gcc/arm-none-eabi/11.2.1/thumb/v6-m/nofp/crtend.o

.igot.plt       0x20000cb8        0x0 load address 0x1000d2f0
 .igot.plt      0x20000cb8        0x0 c:/vsarm/armcc/112202~1.02/bin/../lib/gcc/arm-none-eabi/11.2.1/thumb/v6-m/nofp/crtbegin.o

.uninitialized_data
                0x20000cb8        0x0 load address 0x1000d2f0
                0x20000cb8                . = ALIGN (0x4)
 *(.uninitialized_data*)

.scratch_x      0x20040000        0x0 load address 0x1000d2f0
                0x20040000                __scratch_x_start__ = .
 *(.scratch_x.*)
                0x20040000                . = ALIGN (0x4)
                0x20040000                __scratch_x_end__ = .
                0x1000d2f0                __scratch_x_source__ = LOADADDR (.scratch_x)

.scratch_y      0x20041000        0x0 load address 0x1000d2f0
                0x20041000                __scratch_y_start__ = .
 *(.scratch_y.*)
                0x20041000                . = ALIGN (0x4)
                0x20041000                __scratch_y_end__ = .
                0x1000d2f0                __scratch_y_source__ = LOADADDR (.scratch_y)

.bss            0x20000cb8      0x47c
                0x20000cb8                . = ALIGN (0x4)
                0x20000cb8                __bss_start__ = .
 *(SORT_BY_ALIGNMENT(SORT_BY_NAME(.bss*)))
 .bss.default_alarm_pool_entries
                0x20000cb8      0x100 CMakeFiles/pill_dispenser.dir/C_/VSARM/sdk/pico/pico-sdk/src/common/pico_time/time.c.obj
 .bss.prev_event_time.0
                0x20000db8        0x8 CMakeFiles/pill_dispenser.dir/opto-fork/opto.c.obj
 .bss.__malloc_current_mallinfo
                0x20000dc0       0x28 c:/vsarm/armcc/112202~1.02/bin/../lib/gcc/arm-none-eabi/11.2.1/thumb/v6-m/nofp\libg.a(lib_a-mallocr.o)
                0x20000dc0                __malloc_current_mallinfo
 .bss.__malloc_max_sbrked_mem
                0x20000de8        0x4 c:/vsarm/armcc/112202~1.02/bin/../lib/gcc/arm-none-eabi/11.2.1/thumb/v6-m/nofp\libg.a(lib_a-mallocr.o)
                0x20000de8                __malloc_max_sbrked_mem
 .bss.__malloc_max_total_mem
                0x20000dec        0x4 c:/vsarm/armcc/112202~1.02/bin/../lib/gcc/arm-none-eabi/11.2.1/thumb/v6-m/nofp\libg.a(lib_a-mallocr.o)
                0x20000dec                __malloc_max_total_mem
 .bss.__malloc_top_pad
                0x20000df0        0x4 c:/vsarm/armcc/112202~1.02/bin/../lib/gcc/arm-none-eabi/11.2.1/thumb/v6-m/nofp\libg.a(lib_a-mallocr.o)
                0x20000df0                __malloc_top_pad
 .bss.alarm_callbacks
                0x20000df4       0x10 CMakeFiles/pill_dispenser.dir/C_/VSARM/sdk/pico/pico-sdk/src/rp2_common/hardware_timer/timer.c.obj
 .bss.callbacks
                0x20000e04        0x8 CMakeFiles/pill_dispenser.dir/C_/VSARM/sdk/pico/pico-sdk/src/rp2_common/hardware_gpio/gpio.c.obj
 .bss.chars_available_callback
                0x20000e0c        0x4 CMakeFiles/pill_dispenser.dir/C_/VSARM/sdk/pico/pico-sdk/src/rp2_common/pico_stdio_uart/stdio_uart.c.obj
 .bss.chars_available_param
                0x20000e10        0x4 CMakeFiles/pill_dispenser.dir/C_/VSARM/sdk/pico/pico-sdk/src/rp2_common/pico_stdio_uart/stdio_uart.c.obj
 .bss.configured_freq
                0x20000e14       0x28 CMakeFiles/pill_dispenser.dir/C_/VSARM/sdk/pico/pico-sdk/src/rp2_common/hardware_clocks/clocks.c.obj
 .bss.default_alarm_pool_entry_ids_high
                0x20000e3c       0x10 CMakeFiles/pill_dispenser.dir/C_/VSARM/sdk/pico/pico-sdk/src/common/pico_time/time.c.obj
 .bss.default_alarm_pool_heap_nodes
                0x20000e4c       0x30 CMakeFiles/pill_dispenser.dir/C_/VSARM/sdk/pico/pico-sdk/src/common/pico_time/time.c.obj
 .bss.drivers   0x20000e7c        0x4 CMakeFiles/pill_dispenser.dir/C_/VSARM/sdk/pico/pico-sdk/src/rp2_common/pico_stdio/stdio.c.obj
 .bss.errno     0x20000e80        0x4 c:/vsarm/armcc/112202~1.02/bin/../lib/gcc/arm-none-eabi/11.2.1/thumb/v6-m/nofp\libg.a(lib_a-reent.o)
                0x20000e80                errno
 .bss.filter    0x20000e84        0x4 CMakeFiles/pill_dispenser.dir/C_/VSARM/sdk/pico/pico-sdk/src/rp2_common/pico_stdio/stdio.c.obj
 .bss.heap_end.1
                0x20000e88        0x4 CMakeFiles/pill_dispenser.dir/C_/VSARM/sdk/pico/pico-sdk/src/rp2_common/pico_runtime/runtime.c.obj
 .bss.object.0  0x20000e8c       0x18 c:/vsarm/armcc/112202~1.02/bin/../lib/gcc/arm-none-eabi/11.2.1/thumb/v6-m/nofp/crtbegin.o
 .bss.pools     0x20000ea4       0x10 CMakeFiles/pill_dispenser.dir/C_/VSARM/sdk/pico/pico-sdk/src/common/pico_time/time.c.obj